Archive member included because of file (symbol)

libbb/lib.a(appletlib.o)      /usr/local/arm/gcc-linaro-4.9.4-2017.01-x86_64_arm-linux-gnueabihf/bin/../arm-linux-gnueabihf/libc/usr/lib/crt1.o (main)
libbb/lib.a(compare_string_array.o)
                              libbb/lib.a(appletlib.o) (is_prefixed_with)
libbb/lib.a(concat_path_file.o)
                              libbb/lib.a(appletlib.o) (concat_path_file)
libbb/lib.a(default_error_retval.o)
                              libbb/lib.a(appletlib.o) (xfunc_error_retval)
libbb/lib.a(get_last_path_component.o)
                              libbb/lib.a(appletlib.o) (bb_basename)
libbb/lib.a(last_char_is.o)   libbb/lib.a(concat_path_file.o) (last_char_is)
libbb/lib.a(llist.o)          libbb/lib.a(appletlib.o) (llist_free)
libbb/lib.a(messages.o)       libbb/lib.a(appletlib.o) (bb_busybox_exec_path)
libbb/lib.a(perror_msg.o)     libbb/lib.a(appletlib.o) (bb_perror_msg_and_die)
libbb/lib.a(ptr_to_globals.o)
                              libbb/lib.a(appletlib.o) (bb_errno)
libbb/lib.a(skip_whitespace.o)
                              libbb/lib.a(appletlib.o) (skip_whitespace)
libbb/lib.a(verror_msg.o)     libbb/lib.a(perror_msg.o) (bb_verror_msg)
libbb/lib.a(wfopen.o)         libbb/lib.a(appletlib.o) (fopen_for_read)
libbb/lib.a(xfunc_die.o)      libbb/lib.a(appletlib.o) (xfunc_die)
libbb/lib.a(xfuncs.o)         libbb/lib.a(appletlib.o) (full_write2_str)
libbb/lib.a(xfuncs_printf.o)  libbb/lib.a(wfopen.o) (bb_die_memory_exhausted)
libbb/lib.a(xreadlink.o)      libbb/lib.a(appletlib.o) (xmalloc_readlink)
libbb/lib.a(copyfd.o)         libbb/lib.a(xfuncs_printf.o) (bb_copyfd_eof)
libbb/lib.a(full_write.o)     libbb/lib.a(verror_msg.o) (full_write)
libbb/lib.a(read.o)           libbb/lib.a(copyfd.o) (safe_read)
libbb/lib.a(safe_write.o)     libbb/lib.a(full_write.o) (safe_write)
libbb/lib.a(signals.o)        libbb/lib.a(xfuncs_printf.o) (kill_myself_with_sig)
libbb/lib.a(time.o)           libbb/lib.a(xfuncs_printf.o) (monotonic_us)
libbb/lib.a(bb_strtonum.o)    libbb/lib.a(time.o) (bb_strtol)
libpwdgrp/lib.a(pwd_grp.o)    libbb/lib.a(appletlib.o) (bb_internal_getpwnam)
libpwdgrp/lib.a(uidgid_get.o)
                              libbb/lib.a(appletlib.o) (get_uidgid)
loginutils/lib.a(add-remove-shell.o)
                              libbb/lib.a(appletlib.o) (add_remove_shell_main)
loginutils/lib.a(addgroup.o)  libbb/lib.a(appletlib.o) (addgroup_main)
loginutils/lib.a(adduser.o)   libbb/lib.a(appletlib.o) (adduser_main)
loginutils/lib.a(chpasswd.o)  libbb/lib.a(appletlib.o) (chpasswd_main)
loginutils/lib.a(cryptpw.o)   libbb/lib.a(appletlib.o) (cryptpw_main)
loginutils/lib.a(deluser.o)   libbb/lib.a(appletlib.o) (deluser_main)
loginutils/lib.a(getty.o)     libbb/lib.a(appletlib.o) (getty_main)
loginutils/lib.a(login.o)     libbb/lib.a(appletlib.o) (login_main)
loginutils/lib.a(passwd.o)    libbb/lib.a(appletlib.o) (passwd_main)
loginutils/lib.a(su.o)        libbb/lib.a(appletlib.o) (su_main)
loginutils/lib.a(sulogin.o)   libbb/lib.a(appletlib.o) (sulogin_main)
loginutils/lib.a(vlock.o)     libbb/lib.a(appletlib.o) (vlock_main)
mailutils/lib.a(makemime.o)   libbb/lib.a(appletlib.o) (makemime_main)
mailutils/lib.a(popmaildir.o)
                              libbb/lib.a(appletlib.o) (popmaildir_main)
mailutils/lib.a(reformime.o)  libbb/lib.a(appletlib.o) (reformime_main)
mailutils/lib.a(sendmail.o)   libbb/lib.a(appletlib.o) (sendmail_main)
mailutils/lib.a(mail.o)       mailutils/lib.a(popmaildir.o) (launch_helper)
miscutils/lib.a(adjtimex.o)   libbb/lib.a(appletlib.o) (adjtimex_main)
miscutils/lib.a(beep.o)       libbb/lib.a(appletlib.o) (beep_main)
miscutils/lib.a(chat.o)       libbb/lib.a(appletlib.o) (chat_main)
miscutils/lib.a(conspy.o)     libbb/lib.a(appletlib.o) (conspy_main)
miscutils/lib.a(crond.o)      libbb/lib.a(appletlib.o) (crond_main)
miscutils/lib.a(crontab.o)    libbb/lib.a(appletlib.o) (crontab_main)
miscutils/lib.a(dc.o)         libbb/lib.a(appletlib.o) (dc_main)
miscutils/lib.a(devmem.o)     libbb/lib.a(appletlib.o) (devmem_main)
miscutils/lib.a(fbsplash.o)   libbb/lib.a(appletlib.o) (fbsplash_main)
miscutils/lib.a(hdparm.o)     libbb/lib.a(appletlib.o) (hdparm_main)
miscutils/lib.a(hexedit.o)    libbb/lib.a(appletlib.o) (hexedit_main)
miscutils/lib.a(i2c_tools.o)  libbb/lib.a(appletlib.o) (i2cget_main)
miscutils/lib.a(less.o)       libbb/lib.a(appletlib.o) (less_main)
miscutils/lib.a(lsscsi.o)     libbb/lib.a(appletlib.o) (lsscsi_main)
miscutils/lib.a(makedevs.o)   libbb/lib.a(appletlib.o) (makedevs_main)
miscutils/lib.a(man.o)        libbb/lib.a(appletlib.o) (man_main)
miscutils/lib.a(microcom.o)   libbb/lib.a(appletlib.o) (microcom_main)
miscutils/lib.a(mt.o)         libbb/lib.a(appletlib.o) (mt_main)
miscutils/lib.a(nandwrite.o)  libbb/lib.a(appletlib.o) (nandwrite_main)
miscutils/lib.a(partprobe.o)  libbb/lib.a(appletlib.o) (partprobe_main)
miscutils/lib.a(raidautorun.o)
                              libbb/lib.a(appletlib.o) (raidautorun_main)
[...]
Memory Configuration

Name             Origin             Length             Attributes
*default*        0x0000000000000000 0xffffffffffffffff

Linker script and memory map

LOAD /usr/local/arm/gcc-linaro-4.9.4-2017.01-x86_64_arm-linux-gnueabihf/bin/../arm-linux-gnueabihf/libc/usr/lib/crt1.o
LOAD /usr/local/arm/gcc-linaro-4.9.4-2017.01-x86_64_arm-linux-gnueabihf/bin/../arm-linux-gnueabihf/libc/usr/lib/crti.o
LOAD /usr/local/arm/gcc-linaro-4.9.4-2017.01-x86_64_arm-linux-gnueabihf/bin/../lib/gcc/arm-linux-gnueabihf/4.9.4/crtbegin.o
START GROUP
LOAD applets/built-in.o
LOAD archival/lib.a
LOAD archival/libarchive/lib.a
LOAD console-tools/lib.a
LOAD coreutils/lib.a
LOAD coreutils/libcoreutils/lib.a
LOAD debianutils/lib.a
LOAD klibc-utils/lib.a
LOAD e2fsprogs/lib.a
LOAD editors/lib.a
LOAD findutils/lib.a
LOAD init/lib.a
LOAD libbb/lib.a
LOAD libpwdgrp/lib.a
LOAD loginutils/lib.a
LOAD mailutils/lib.a
LOAD miscutils/lib.a
LOAD modutils/lib.a
LOAD networking/lib.a
LOAD networking/libiproute/lib.a
LOAD networking/udhcp/lib.a
LOAD printutils/lib.a
LOAD procps/lib.a
LOAD runit/lib.a
LOAD selinux/lib.a
LOAD shell/lib.a
LOAD sysklogd/lib.a
LOAD util-linux/lib.a
LOAD util-linux/volume_id/lib.a
LOAD archival/built-in.o
LOAD archival/libarchive/built-in.o
LOAD console-tools/built-in.o
LOAD coreutils/built-in.o
LOAD coreutils/libcoreutils/built-in.o
LOAD debianutils/built-in.o
LOAD klibc-utils/built-in.o
LOAD e2fsprogs/built-in.o
LOAD editors/built-in.o
LOAD findutils/built-in.o
LOAD init/built-in.o
LOAD libbb/built-in.o
LOAD libpwdgrp/built-in.o
LOAD loginutils/built-in.o
LOAD mailutils/built-in.o
LOAD miscutils/built-in.o
LOAD modutils/built-in.o
LOAD networking/built-in.o
LOAD networking/libiproute/built-in.o
LOAD networking/udhcp/built-in.o
LOAD printutils/built-in.o
LOAD procps/built-in.o
LOAD runit/built-in.o
LOAD selinux/built-in.o
LOAD shell/built-in.o
LOAD sysklogd/built-in.o
LOAD util-linux/built-in.o
LOAD util-linux/volume_id/built-in.o
END GROUP
START GROUP
LOAD /usr/local/arm/gcc-linaro-4.9.4-2017.01-x86_64_arm-linux-gnueabihf/bin/../arm-linux-gnueabihf/libc/usr/lib/libm.so
LOAD /usr/local/arm/gcc-linaro-4.9.4-2017.01-x86_64_arm-linux-gnueabihf/bin/../arm-linux-gnueabihf/libc/usr/lib/libresolv.so
END GROUP
LOAD /usr/local/arm/gcc-linaro-4.9.4-2017.01-x86_64_arm-linux-gnueabihf/bin/../lib/gcc/arm-linux-gnueabihf/4.9.4/libgcc.a
LOAD /usr/local/arm/gcc-linaro-4.9.4-2017.01-x86_64_arm-linux-gnueabihf/bin/../lib/gcc/arm-linux-gnueabihf/4.9.4/libgcc_eh.a
LOAD /usr/local/arm/gcc-linaro-4.9.4-2017.01-x86_64_arm-linux-gnueabihf/bin/../arm-linux-gnueabihf/libc/usr/lib/libc.so
START GROUP
LOAD /usr/local/arm/gcc-linaro-4.9.4-2017.01-x86_64_arm-linux-gnueabihf/bin/../arm-linux-gnueabihf/libc/lib/libc.so.6
LOAD /usr/local/arm/gcc-linaro-4.9.4-2017.01-x86_64_arm-linux-gnueabihf/bin/../arm-linux-gnueabihf/libc/usr/lib/libc_nonshared.a
LOAD /usr/local/arm/gcc-linaro-4.9.4-2017.01-x86_64_arm-linux-gnueabihf/bin/../arm-linux-gnueabihf/libc/lib/ld-linux-armhf.so.3
END GROUP
LOAD /usr/local/arm/gcc-linaro-4.9.4-2017.01-x86_64_arm-linux-gnueabihf/bin/../lib/gcc/arm-linux-gnueabihf/4.9.4/libgcc.a
LOAD /usr/local/arm/gcc-linaro-4.9.4-2017.01-x86_64_arm-linux-gnueabihf/bin/../lib/gcc/arm-linux-gnueabihf/4.9.4/libgcc_eh.a
LOAD /usr/local/arm/gcc-linaro-4.9.4-2017.01-x86_64_arm-linux-gnueabihf/bin/../lib/gcc/arm-linux-gnueabihf/4.9.4/crtend.o
LOAD /usr/local/arm/gcc-linaro-4.9.4-2017.01-x86_64_arm-linux-gnueabihf/bin/../arm-linux-gnueabihf/libc/usr/lib/crtn.o
                0x0000000000010000                PROVIDE (__executable_start, 0x10000)
                0x0000000000010134                . = (0x10000 + SIZEOF_HEADERS)

.interp         0x0000000000010134       0x19
 *(SORT(.interp))
 .interp        0x0000000000010134       0x19 /usr/local/arm/gcc-linaro-4.9.4-2017.01-x86_64_arm-linux-gnueabihf/bin/../arm-linux-gnueabihf/libc/usr/lib/crt1.o

.note.ABI-tag   0x0000000000010150       0x20
 .note.ABI-tag  0x0000000000010150       0x20 /usr/local/arm/gcc-linaro-4.9.4-2017.01-x86_64_arm-linux-gnueabihf/bin/../arm-linux-gnueabihf/libc/usr/lib/crt1.o

.note.gnu.build-id
                0x0000000000010170       0x24
 *(SORT(.note.gnu.build-id))
 .note.gnu.build-id
                0x0000000000010170       0x24 linker stubs

.hash           0x0000000000010194      0xa54
 *(SORT(.hash))
 .hash          0x0000000000010194      0xa54 /usr/local/arm/gcc-linaro-4.9.4-2017.01-x86_64_arm-linux-gnueabihf/bin/../arm-linux-gnueabihf/libc/usr/lib/crt1.o

.gnu.hash
 *(SORT(.gnu.hash))

.dynsym         0x0000000000010be8     0x18c0
 *(SORT(.dynsym))
 .dynsym        0x0000000000010be8     0x18c0 /usr/local/arm/gcc-linaro-4.9.4-2017.01-x86_64_arm-linux-gnueabihf/bin/../arm-linux-gnueabihf/libc/usr/lib/crt1.o

.dynstr         0x00000000000124a8      0xd28
 *(SORT(.dynstr))
 .dynstr        0x00000000000124a8      0xd28 /usr/local/arm/gcc-linaro-4.9.4-2017.01-x86_64_arm-linux-gnueabihf/bin/../arm-linux-gnueabihf/libc/usr/lib/crt1.o

.gnu.version    0x00000000000131d0      0x318
 *(SORT(.gnu.version))
 .gnu.version   0x00000000000131d0      0x318 /usr/local/arm/gcc-linaro-4.9.4-2017.01-x86_64_arm-linux-gnueabihf/bin/../arm-linux-gnueabihf/libc/usr/lib/crt1.o

.gnu.version_d  0x00000000000134e8        0x0
 *(SORT(.gnu.version_d))
 .gnu.version_d
                0x0000000000000000        0x0 /usr/local/arm/gcc-linaro-4.9.4-2017.01-x86_64_arm-linux-gnueabihf/bin/../arm-linux-gnueabihf/libc/usr/lib/crt1.o

.gnu.version_r  0x00000000000134e8       0x80
 *(SORT(.gnu.version_r))
 .gnu.version_r
                0x00000000000134e8       0x80 /usr/local/arm/gcc-linaro-4.9.4-2017.01-x86_64_arm-linux-gnueabihf/bin/../arm-linux-gnueabihf/libc/usr/lib/crt1.o

.rel.dyn        0x0000000000013568       0x50
 *(SORT(.rel.init))
 *(SORT(.rel.text) SORT(.rel.text.*) SORT(.rel.gnu.linkonce.t.*))
 *(SORT(.rel.fini))
 *(SORT(.rel.rodata) SORT(.rel.rodata.*) SORT(.rel.gnu.linkonce.r.*))
 *(SORT(.rel.data.rel.ro) SORT(.rel.data.rel.ro.*) SORT(.rel.gnu.linkonce.d.rel.ro.*))
 *(SORT(.rel.data) SORT(.rel.data.*) SORT(.rel.gnu.linkonce.d.*))
 *(SORT(.rel.tdata) SORT(.rel.tdata.*) SORT(.rel.gnu.linkonce.td.*))
 *(SORT(.rel.tbss) SORT(.rel.tbss.*) SORT(.rel.gnu.linkonce.tb.*))
 *(SORT(.rel.ctors))
 *(SORT(.rel.dtors))
 *(SORT(.rel.got))
 .rel.got       0x0000000000013568        0x8 /usr/local/arm/gcc-linaro-4.9.4-2017.01-x86_64_arm-linux-gnueabihf/bin/../arm-linux-gnueabihf/libc/usr/lib/crt1.o
 *(SORT(.rel.bss) SORT(.rel.bss.*) SORT(.rel.gnu.linkonce.b.*))
 .rel.bss       0x0000000000013570       0x48 /usr/local/arm/gcc-linaro-4.9.4-2017.01-x86_64_arm-linux-gnueabihf/bin/../arm-linux-gnueabihf/libc/usr/lib/crt1.o
                0x00000000000135b8                PROVIDE (__rel_iplt_start, .)
 *(SORT(.rel.iplt))
 .rel.iplt      0x0000000000000000        0x0 /usr/local/arm/gcc-linaro-4.9.4-2017.01-x86_64_arm-linux-gnueabihf/bin/../arm-linux-gnueabihf/libc/usr/lib/crt1.o
                0x00000000000135b8                PROVIDE (__rel_iplt_end, .)

.rela.dyn       0x00000000000135b8        0x0
 *(SORT(.rela.init))
 *(SORT(.rela.text) SORT(.rela.text.*) SORT(.rela.gnu.linkonce.t.*))
 *(SORT(.rela.fini))
 *(SORT(.rela.rodata) SORT(.rela.rodata.*) SORT(.rela.gnu.linkonce.r.*))
 *(SORT(.rela.data) SORT(.rela.data.*) SORT(.rela.gnu.linkonce.d.*))
 *(SORT(.rela.tdata) SORT(.rela.tdata.*) SORT(.rela.gnu.linkonce.td.*))
 *(SORT(.rela.tbss) SORT(.rela.tbss.*) SORT(.rela.gnu.linkonce.tb.*))
 *(SORT(.rela.ctors))
 *(SORT(.rela.dtors))
 *(SORT(.rela.got))
 *(SORT(.rela.bss) SORT(.rela.bss.*) SORT(.rela.gnu.linkonce.b.*))
                0x00000000000135b8                PROVIDE (__rela_iplt_start, .)
 *(SORT(.rela.iplt))
                0x00000000000135b8                PROVIDE (__rela_iplt_end, .)

.rel.plt        0x00000000000135b8      0xbe8
 *(SORT(.rel.plt))
 .rel.plt       0x00000000000135b8      0xbe8 /usr/local/arm/gcc-linaro-4.9.4-2017.01-x86_64_arm-linux-gnueabihf/bin/../arm-linux-gnueabihf/libc/usr/lib/crt1.o

.rela.plt
 *(SORT(.rela.plt))

.init           0x00000000000141a0        0xc
 *(SORT(.init))
 .init          0x00000000000141a0        0x8 /usr/local/arm/gcc-linaro-4.9.4-2017.01-x86_64_arm-linux-gnueabihf/bin/../arm-linux-gnueabihf/libc/usr/lib/crti.o
                0x00000000000141a0                _init
 .init          0x00000000000141a8        0x4 /usr/local/arm/gcc-linaro-4.9.4-2017.01-x86_64_arm-linux-gnueabihf/bin/../arm-linux-gnueabihf/libc/usr/lib/crtn.o

.plt            0x00000000000141ac     0x12cc
 *(SORT(.plt))
 .plt           0x00000000000141ac     0x12cc /usr/local/arm/gcc-linaro-4.9.4-2017.01-x86_64_arm-linux-gnueabihf/bin/../arm-linux-gnueabihf/libc/usr/lib/crt1.o
                0x00000000000141c0                fdopen@@GLIBC_2.4
                0x00000000000141cc                sched_get_priority_min@@GLIBC_2.4
                0x00000000000141dc                fputs_unlocked@@GLIBC_2.4
                0x00000000000141e8                strstr@@GLIBC_2.4
                0x00000000000141f4                gnu_dev_major@@GLIBC_2.4
                0x0000000000014200                ether_hostton@@GLIBC_2.4
                0x000000000001420c                raise@@GLIBC_2.4
                0x0000000000014218                lutimes@@GLIBC_2.4
                0x0000000000014224                cfmakeraw@@GLIBC_2.4
                0x0000000000014230                vasprintf@@GLIBC_2.4
                0x000000000001423c                sendfile64@@GLIBC_2.4
                0x0000000000014248                gmtime_r@@GLIBC_2.4
                0x0000000000014254                log@@GLIBC_2.4
                0x0000000000014260                strverscmp@@GLIBC_2.4
                0x000000000001426c                inet_aton@@GLIBC_2.4
                0x0000000000014278                fsync@@GLIBC_2.4
                0x0000000000014288                setbuf@@GLIBC_2.4
                0x0000000000014294                strcasestr@@GLIBC_2.4
                0x00000000000142a4                strcmp@@GLIBC_2.4
                0x00000000000142b0                ns_name_uncompress@@GLIBC_2.9
                0x00000000000142bc                strtol@@GLIBC_2.4
                0x00000000000142c8                setsockopt@@GLIBC_2.4
                0x00000000000142d4                strcspn@@GLIBC_2.4
                0x00000000000142e0                times@@GLIBC_2.4
                0x00000000000142f0                gnu_dev_makedev@@GLIBC_2.4
                0x00000000000142fc                dprintf@@GLIBC_2.4
                0x0000000000014308                pause@@GLIBC_2.4
                0x0000000000014314                clearenv@@GLIBC_2.4
                0x0000000000014324                printf@@GLIBC_2.4
                0x0000000000014330                hstrerror@@GLIBC_2.4
                0x000000000001433c                gnu_dev_minor@@GLIBC_2.4
                0x0000000000014348                getusershell@@GLIBC_2.4
                0x0000000000014354                regerror@@GLIBC_2.4
                0x0000000000014360                setrlimit64@@GLIBC_2.4
                0x000000000001436c                read@@GLIBC_2.4
                0x0000000000014378                tcflush@@GLIBC_2.4
                0x0000000000014384                mktime@@GLIBC_2.4
                0x0000000000014390                longjmp@@GLIBC_2.4
                0x00000000000143a0                fflush@@GLIBC_2.4
                0x00000000000143ac                utmpxname@@GLIBC_2.4
                0x00000000000143b8                if_indextoname@@GLIBC_2.4
                0x00000000000143c4                getuid@@GLIBC_2.4
                0x00000000000143d4                sigprocmask@@GLIBC_2.4
                0x00000000000143e0                _setjmp@@GLIBC_2.4
                0x00000000000143ec                memmove@@GLIBC_2.4
                0x00000000000143f8                lsetxattr@@GLIBC_2.4
                0x0000000000014404                strchrnul@@GLIBC_2.4
                0x0000000000014414                free@@GLIBC_2.4
                0x0000000000014420                unshare@@GLIBC_2.4
                0x000000000001442c                getresgid@@GLIBC_2.4
                0x0000000000014438                nanosleep@@GLIBC_2.4
                0x0000000000014444                fileno_unlocked@@GLIBC_2.4
                0x0000000000014450                inet_pton@@GLIBC_2.4
                0x000000000001445c                _exit@@GLIBC_2.4
                0x0000000000014468                pututxline@@GLIBC_2.4
                0x0000000000014478                memcpy@@GLIBC_2.4
                0x0000000000014484                tcsendbreak@@GLIBC_2.4
                0x0000000000014490                pivot_root@@GLIBC_2.4
                0x000000000001449c                execvp@@GLIBC_2.4
                0x00000000000144a8                execlp@@GLIBC_2.4
                0x00000000000144b4                mmap64@@GLIBC_2.4
                0x00000000000144c0                shmget@@GLIBC_2.4
                0x00000000000144cc                signal@@GLIBC_2.4
                0x00000000000144d8                time@@GLIBC_2.4
                0x00000000000144e4                rmdir@@GLIBC_2.4
                0x00000000000144f0                gethostid@@GLIBC_2.4
                0x00000000000144fc                tcsetpgrp@@GLIBC_2.4
                0x0000000000014508                sendmsg@@GLIBC_2.4
                0x0000000000014514                pow@@GLIBC_2.4
                0x0000000000014520                ftruncate64@@GLIBC_2.4
                0x000000000001452c                memcmp@@GLIBC_2.4
                0x0000000000014538                inet_ntoa@@GLIBC_2.4
                0x0000000000014544                select@@GLIBC_2.4
                0x0000000000014550                swapon@@GLIBC_2.4
                0x0000000000014560                sleep@@GLIBC_2.4
                0x000000000001456c                stpcpy@@GLIBC_2.4
                0x0000000000014578                fputc_unlocked@@GLIBC_2.4
                0x0000000000014584                getc_unlocked@@GLIBC_2.4
                0x0000000000014590                uname@@GLIBC_2.4
                0x000000000001459c                ctime@@GLIBC_2.4
                0x00000000000145a8                removexattr@@GLIBC_2.4
                0x00000000000145b4                gethostbyaddr@@GLIBC_2.4
                0x00000000000145c0                recvfrom@@GLIBC_2.4
                0x00000000000145cc                strdup@@GLIBC_2.4
                0x00000000000145d8                setutxent@@GLIBC_2.4
                0x00000000000145e4                syncfs@@GLIBC_2.14
                0x00000000000145f0                cfgetispeed@@GLIBC_2.4
                0x0000000000014600                rewind@@GLIBC_2.4
                0x0000000000014610                alarm@@GLIBC_2.4
                0x000000000001461c                msgctl@@GLIBC_2.4
                0x000000000001462c                sysconf@@GLIBC_2.4
                0x000000000001463c                unlink@@GLIBC_2.4
                0x0000000000014648                dup2@@GLIBC_2.4
                0x0000000000014654                reboot@@GLIBC_2.4
                0x0000000000014660                getrlimit64@@GLIBC_2.4
                0x000000000001466c                realloc@@GLIBC_2.4
                0x0000000000014678                killpg@@GLIBC_2.4
                0x0000000000014684                strptime@@GLIBC_2.4
                0x0000000000014690                dup@@GLIBC_2.4
                0x000000000001469c                socketpair@@GLIBC_2.4
                0x00000000000146a8                atoll@@GLIBC_2.4
                0x00000000000146b4                getpriority@@GLIBC_2.4
                0x00000000000146c0                setns@@GLIBC_2.14
                0x00000000000146cc                sigismember@@GLIBC_2.4
                0x00000000000146d8                regexec@@GLIBC_2.4
                0x00000000000146e4                localtime_r@@GLIBC_2.4
                0x00000000000146f0                wait@@GLIBC_2.4
                0x00000000000146fc                getlogin_r@@GLIBC_2.4
                0x0000000000014708                ns_initparse@@GLIBC_2.9
                0x0000000000014714                shmat@@GLIBC_2.4
                0x0000000000014720                sigisemptyset@@GLIBC_2.4
                0x000000000001472c                chdir@@GLIBC_2.4
                0x0000000000014738                strcasecmp@@GLIBC_2.4
                0x0000000000014744                getpgrp@@GLIBC_2.4
                0x0000000000014750                unlockpt@@GLIBC_2.4
                0x000000000001475c                geteuid@@GLIBC_2.4
                0x0000000000014768                strsignal@@GLIBC_2.4
                0x0000000000014774                tzset@@GLIBC_2.4
                0x0000000000014780                poll@@GLIBC_2.4
                0x000000000001478c                accept@@GLIBC_2.4
                0x0000000000014798                setgroups@@GLIBC_2.4
                0x00000000000147a8                cfsetospeed@@GLIBC_2.4
                0x00000000000147b4                semop@@GLIBC_2.4
                0x00000000000147c0                seteuid@@GLIBC_2.4
                0x00000000000147d0                __fxstat64@@GLIBC_2.4
                0x00000000000147dc                readlink@@GLIBC_2.4
                0x00000000000147e8                getegid@@GLIBC_2.4
                0x00000000000147f8                sigaction@@GLIBC_2.4
                0x0000000000014808                fwrite@@GLIBC_2.4
                0x0000000000014814                strcat@@GLIBC_2.4
                0x0000000000014820                getsockopt@@GLIBC_2.4
                0x0000000000014830                ioctl@@GLIBC_2.4
                0x000000000001483c                sched_getscheduler@@GLIBC_2.4
                0x0000000000014848                lseek64@@GLIBC_2.4
                0x0000000000014854                regfree@@GLIBC_2.4
                0x0000000000014860                strtoll@@GLIBC_2.4
                0x000000000001486c                capget@@GLIBC_2.4
                0x0000000000014878                usleep@@GLIBC_2.4
                0x0000000000014884                readahead@@GLIBC_2.4
                0x0000000000014890                waitpid@@GLIBC_2.4
                0x000000000001489c                hasmntopt@@GLIBC_2.4
                0x00000000000148ac                tcsetattr@@GLIBC_2.4
                0x00000000000148b8                munlock@@GLIBC_2.4
                0x00000000000148c8                strcpy@@GLIBC_2.4
                0x00000000000148d4                chroot@@GLIBC_2.4
                0x00000000000148e0                gettimeofday@@GLIBC_2.4
                0x00000000000148ec                fread@@GLIBC_2.4
                0x00000000000148f8                pread64@@GLIBC_2.4
                0x0000000000014904                sched_yield@@GLIBC_2.4
                0x0000000000014910                ptsname_r@@GLIBC_2.4
                0x000000000001491c                ferror_unlocked@@GLIBC_2.4
                0x0000000000014928                shmctl@@GLIBC_2.4
                0x0000000000014934                creat64@@GLIBC_2.4
                0x0000000000014940                strtok_r@@GLIBC_2.4
                0x000000000001494c                daemon@@GLIBC_2.4
                0x0000000000014958                getmntent@@GLIBC_2.4
                0x0000000000014964                opendir@@GLIBC_2.4
                0x0000000000014970                umount2@@GLIBC_2.4
                0x000000000001497c                setxattr@@GLIBC_2.4
                0x0000000000014988                fnmatch@@GLIBC_2.4
                0x0000000000014994                open64@@GLIBC_2.4
                0x00000000000149a0                sched_get_priority_max@@GLIBC_2.4
                0x00000000000149ac                getenv@@GLIBC_2.4
                0x00000000000149b8                setpriority@@GLIBC_2.4
                0x00000000000149c4                mkstemp64@@GLIBC_2.4
                0x00000000000149d4                puts@@GLIBC_2.4
                0x00000000000149e0                setgid@@GLIBC_2.4
                0x00000000000149ec                sysinfo@@GLIBC_2.4
                0x00000000000149f8                malloc@@GLIBC_2.4
                0x0000000000014a04                settimeofday@@GLIBC_2.4
                0x0000000000014a14                sigaddset@@GLIBC_2.4
                0x0000000000014a20                __libc_start_main@@GLIBC_2.4
                0x0000000000014a30                strerror@@GLIBC_2.4
                0x0000000000014a3c                system@@GLIBC_2.4
                0x0000000000014a48                strftime@@GLIBC_2.4
                0x0000000000014a54                tcdrain@@GLIBC_2.4
                0x0000000000014a60                __h_errno_location@@GLIBC_2.4
                0x0000000000014a6c                adjtimex@@GLIBC_2.4
                0x0000000000014a78                localtime@@GLIBC_2.4
                0x0000000000014a84                strsep@@GLIBC_2.4
                0x0000000000014a90                lremovexattr@@GLIBC_2.4
                0x0000000000014a9c                mktemp@@GLIBC_2.4
                0x0000000000014aa8                scanf@@GLIBC_2.4
                0x0000000000014ab4                closelog@@GLIBC_2.4
                0x0000000000014ac0                sethostname@@GLIBC_2.4
                0x0000000000014acc                dirname@@GLIBC_2.4
                0x0000000000014ae4                freopen64@@GLIBC_2.4
                0x0000000000014af4                mempcpy@@GLIBC_2.4
                0x0000000000014b00                rename@@GLIBC_2.4
                0x0000000000014b0c                getopt_long@@GLIBC_2.4
                0x0000000000014b1c                kill@@GLIBC_2.4
                0x0000000000014b28                getcwd@@GLIBC_2.4
                0x0000000000014b34                getpid@@GLIBC_2.4
                0x0000000000014b40                exit@@GLIBC_2.4
                0x0000000000014b50                syscall@@GLIBC_2.4
                0x0000000000014b5c                sin@@GLIBC_2.4
                0x0000000000014b68                flock@@GLIBC_2.4
                0x0000000000014b74                strtoul@@GLIBC_2.4
                0x0000000000014b80                tcgetpgrp@@GLIBC_2.4
                0x0000000000014b90                strlen@@GLIBC_2.4
                0x0000000000014b9c                getchar_unlocked@@GLIBC_2.4
                0x0000000000014ba8                setsid@@GLIBC_2.4
                0x0000000000014bb4                vprintf@@GLIBC_2.4
                0x0000000000014bc0                setpgrp@@GLIBC_2.4
                0x0000000000014bcc                sched_getparam@@GLIBC_2.4
                0x0000000000014bd8                strchr@@GLIBC_2.4
                0x0000000000014be4                srand@@GLIBC_2.4
                0x0000000000014bf4                setenv@@GLIBC_2.4
                0x0000000000014c00                personality@@GLIBC_2.4
                0x0000000000014c0c                memrchr@@GLIBC_2.4
                0x0000000000014c18                ttyname_r@@GLIBC_2.4
                0x0000000000014c24                fchown@@GLIBC_2.4
                0x0000000000014c30                execve@@GLIBC_2.4
                0x0000000000014c3c                nice@@GLIBC_2.4
                0x0000000000014c48                getopt@@GLIBC_2.4
                0x0000000000014c54                fprintf@@GLIBC_2.4
                0x0000000000014c60                getpagesize@@GLIBC_2.4
                0x0000000000014c6c                cfsetispeed@@GLIBC_2.4
                0x0000000000014c7c                chown@@GLIBC_2.4
                0x0000000000014c88                ungetc@@GLIBC_2.4
                0x0000000000014c98                fcntl@@GLIBC_2.4
                0x0000000000014ca4                grantpt@@GLIBC_2.4
                0x0000000000014cb0                execv@@GLIBC_2.4
                0x0000000000014cbc                sqrt@@GLIBC_2.4
                0x0000000000014cc8                cfgetospeed@@GLIBC_2.4
                0x0000000000014cd4                sigfillset@@GLIBC_2.4
                0x0000000000014ce0                __errno_location@@GLIBC_2.4
                0x0000000000014cf0                strncasecmp@@GLIBC_2.4
                0x0000000000014cfc                getservbyname@@GLIBC_2.4
                0x0000000000014d08                klogctl@@GLIBC_2.4
                0x0000000000014d18                snprintf@@GLIBC_2.4
                0x0000000000014d24                mkdir@@GLIBC_2.4
                0x0000000000014d30                semget@@GLIBC_2.4
                0x0000000000014d3c                bind@@GLIBC_2.4
                0x0000000000014d48                setvbuf@@GLIBC_2.4
                0x0000000000014d54                getservbyport@@GLIBC_2.4
                0x0000000000014d60                getgid@@GLIBC_2.4
                0x0000000000014d70                memset@@GLIBC_2.4
                0x0000000000014d7c                getmntent_r@@GLIBC_2.4
                0x0000000000014d88                bsearch@@GLIBC_2.4
                0x0000000000014d94                sigtimedwait@@GLIBC_2.4
                0x0000000000014da0                utimes@@GLIBC_2.4
                0x0000000000014db0                strncpy@@GLIBC_2.4
                0x0000000000014dbc                fscanf@@GLIBC_2.4
                0x0000000000014dc8                mallopt@@GLIBC_2.4
                0x0000000000014dd4                sigsuspend@@GLIBC_2.4
                0x0000000000014de0                strtoull@@GLIBC_2.4
                0x0000000000014dec                ns_get16@@GLIBC_2.9
                0x0000000000014df8                wait3@@GLIBC_2.4
                0x0000000000014e04                statvfs64@@GLIBC_2.4
                0x0000000000014e10                prctl@@GLIBC_2.4
                0x0000000000014e20                strtod@@GLIBC_2.4
                0x0000000000014e2c                link@@GLIBC_2.4
                0x0000000000014e3c                write@@GLIBC_2.4
                0x0000000000014e48                sigdelset@@GLIBC_2.4
                0x0000000000014e54                mlock@@GLIBC_2.4
                0x0000000000014e60                asprintf@@GLIBC_2.4
                0x0000000000014e6c                getopt_long_only@@GLIBC_2.4
                0x0000000000014e78                ether_aton_r@@GLIBC_2.4
                0x0000000000014e84                shmdt@@GLIBC_2.4
                0x0000000000014e90                vfork@@GLIBC_2.4
                0x0000000000014e9c                memchr@@GLIBC_2.4
                0x0000000000014ea8                vsprintf@@GLIBC_2.4
                0x0000000000014eb4                sched_setaffinity@@GLIBC_2.4
                0x0000000000014ec0                access@@GLIBC_2.4
                0x0000000000014ecc                rand@@GLIBC_2.4
                0x0000000000014ed8                setegid@@GLIBC_2.4
                0x0000000000014ee8                fclose@@GLIBC_2.4
                0x0000000000014ef4                getsid@@GLIBC_2.4
                0x0000000000014f00                strnlen@@GLIBC_2.4
                0x0000000000014f0c                pipe@@GLIBC_2.4
                0x0000000000014f18                fseeko64@@GLIBC_2.4
                0x0000000000014f24                endmntent@@GLIBC_2.4
                0x0000000000014f30                munmap@@GLIBC_2.4
                0x0000000000014f3c                posix_fallocate64@@GLIBC_2.4
                0x0000000000014f48                strtok@@GLIBC_2.4
                0x0000000000014f54                glob64@@GLIBC_2.4
                0x0000000000014f60                semctl@@GLIBC_2.4
                0x0000000000014f6c                sendto@@GLIBC_2.4
                0x0000000000014f78                shutdown@@GLIBC_2.4
                0x0000000000014f84                endutxent@@GLIBC_2.4
                0x0000000000014f90                sigemptyset@@GLIBC_2.4
                0x0000000000014f9c                popen@@GLIBC_2.4
                0x0000000000014fa8                getresuid@@GLIBC_2.4
                0x0000000000014fb4                fork@@GLIBC_2.4
                0x0000000000014fc0                execle@@GLIBC_2.4
                0x0000000000014fd0                putenv@@GLIBC_2.4
                0x0000000000014fdc                stime@@GLIBC_2.4
                0x0000000000014fe8                getnameinfo@@GLIBC_2.4
                0x0000000000014ff4                execl@@GLIBC_2.4
                0x0000000000015000                strrchr@@GLIBC_2.4
                0x000000000001500c                listen@@GLIBC_2.4
                0x0000000000015018                vfprintf@@GLIBC_2.4
                0x0000000000015024                ns_parserr@@GLIBC_2.9
                0x0000000000015030                statfs64@@GLIBC_2.4
                0x000000000001503c                __sigsetjmp@@GLIBC_2.4
                0x0000000000015048                lchown@@GLIBC_2.4
                0x0000000000015054                fputc@@GLIBC_2.4
                0x0000000000015060                globfree64@@GLIBC_2.4
                0x000000000001506c                syslog@@GLIBC_2.4
                0x0000000000015078                setresuid@@GLIBC_2.4
                0x0000000000015084                symlink@@GLIBC_2.4
                0x0000000000015090                updwtmpx@@GLIBC_2.4
                0x000000000001509c                setuid@@GLIBC_2.4
                0x00000000000150a8                sscanf@@GLIBC_2.4
                0x00000000000150b4                setpgid@@GLIBC_2.4
                0x00000000000150c0                clearerr@@GLIBC_2.4
                0x00000000000150d0                sprintf@@GLIBC_2.4
                0x00000000000150dc                readdir64@@GLIBC_2.4
                0x00000000000150e8                mkdtemp@@GLIBC_2.4
                0x00000000000150f4                openlog@@GLIBC_2.4
                0x0000000000015100                regcomp@@GLIBC_2.4
                0x000000000001510c                getgroups@@GLIBC_2.4
                0x0000000000015118                exp@@GLIBC_2.4
                0x0000000000015124                getsockname@@GLIBC_2.4
                0x0000000000015130                vsnprintf@@GLIBC_2.4
                0x000000000001513c                getppid@@GLIBC_2.4
                0x000000000001514c                atoi@@GLIBC_2.4
                0x0000000000015158                recvmsg@@GLIBC_2.4
                0x0000000000015164                fchdir@@GLIBC_2.4
                0x0000000000015174                fopen64@@GLIBC_2.4
                0x0000000000015184                qsort@@GLIBC_2.4
                0x0000000000015190                getpeername@@GLIBC_2.4
                0x000000000001519c                strpbrk@@GLIBC_2.4
                0x00000000000151a8                msgget@@GLIBC_2.4
                0x00000000000151b4                freeaddrinfo@@GLIBC_2.4
                0x00000000000151c0                getaddrinfo@@GLIBC_2.4
                0x00000000000151cc                acct@@GLIBC_2.4
                0x00000000000151d8                capset@@GLIBC_2.4
                0x00000000000151e8                inet_ntop@@GLIBC_2.4
                0x00000000000151f4                fgets_unlocked@@GLIBC_2.4
                0x0000000000015200                socket@@GLIBC_2.4
                0x000000000001520c                sched_getaffinity@@GLIBC_2.4
                0x0000000000015218                setmntent@@GLIBC_2.4
                0x0000000000015224                ns_get32@@GLIBC_2.9
                0x0000000000015230                cfsetspeed@@GLIBC_2.4
                0x000000000001523c                atof@@GLIBC_2.4
                0x0000000000015248                inet_addr@@GLIBC_2.4
                0x0000000000015254                __cmsg_nxthdr@@GLIBC_2.4
                0x0000000000015264                sync@@GLIBC_2.4
                0x0000000000015270                getline@@GLIBC_2.4
                0x000000000001527c                if_nametoindex@@GLIBC_2.4
                0x000000000001528c                umask@@GLIBC_2.4
                0x0000000000015298                swapoff@@GLIBC_2.4
                0x00000000000152a4                chmod@@GLIBC_2.4
                0x00000000000152b0                gethostbyname@@GLIBC_2.4
                0x00000000000152c0                __xstat64@@GLIBC_2.4
                0x00000000000152cc                isatty@@GLIBC_2.4
                0x00000000000152d8                __xmknod@@GLIBC_2.4
                0x00000000000152e4                unsetenv@@GLIBC_2.4
                0x00000000000152f0                __res_mkquery@@GLIBC_2.4
                0x00000000000152fc                fputs@@GLIBC_2.4
                0x000000000001530c                strncmp@@GLIBC_2.4
                0x0000000000015318                fdatasync@@GLIBC_2.4
                0x0000000000015324                abort@@GLIBC_2.4
                0x0000000000015330                feof_unlocked@@GLIBC_2.4
                0x000000000001533c                getutxent@@GLIBC_2.4
                0x000000000001534c                recv@@GLIBC_2.4
                0x000000000001535c                realpath@@GLIBC_2.4
                0x0000000000015368                siglongjmp@@GLIBC_2.4
                0x0000000000015378                close@@GLIBC_2.4
                0x0000000000015388                __lxstat64@@GLIBC_2.4
                0x0000000000015394                setresgid@@GLIBC_2.4
                0x00000000000153a0                mkfifo@@GLIBC_2.4
                0x00000000000153ac                send@@GLIBC_2.4
                0x00000000000153b8                connect@@GLIBC_2.4
                0x00000000000153c8                closedir@@GLIBC_2.4
                0x00000000000153d4                div@@GLIBC_2.4
                0x00000000000153e0                atan2@@GLIBC_2.4
                0x00000000000153ec                sched_setscheduler@@GLIBC_2.4
                0x00000000000153fc                putchar_unlocked@@GLIBC_2.4
                0x0000000000015408                strspn@@GLIBC_2.4
                0x0000000000015414                fchmod@@GLIBC_2.4
                0x0000000000015420                cos@@GLIBC_2.4
                0x000000000001542c                tcgetattr@@GLIBC_2.4
                0x000000000001543c                putc_unlocked@@GLIBC_2.4
                0x0000000000015448                tcgetsid@@GLIBC_2.4
                0x0000000000015454                ftello64@@GLIBC_2.4
                0x0000000000015460                pclose@@GLIBC_2.4
                0x000000000001546c                mount@@GLIBC_2.4

.iplt           0x0000000000015478        0x0
 *(SORT(.iplt))
 .iplt          0x0000000000000000        0x0 /usr/local/arm/gcc-linaro-4.9.4-2017.01-x86_64_arm-linux-gnueabihf/bin/../arm-linux-gnueabihf/libc/usr/lib/crt1.o

.text           0x0000000000015478    0x7f2be
 *(SORT(.text.unlikely) SORT(.text.*_unlikely) SORT(.text.unlikely.*))
 *(SORT(.text.exit) SORT(.text.exit.*))
 *(SORT(.text.startup) SORT(.text.startup.*))
 *(SORT(.text.hot) SORT(.text.hot.*))
 *(SORT(.text) SORT(.stub) SORT(.text.*) SORT(.gnu.linkonce.t.*))
 .text.brctl_main
                0x0000000000015478      0x388 networking/lib.a(brctl.o)
                0x0000000000015478                brctl_main
 .text.filter_datapoints
                0x0000000000015800       0xd8 networking/lib.a(ntpd.o)
 .text.gettime1900d
                0x00000000000158d8       0x50 networking/lib.a(ntpd.o)
 .text.ntp_init
                0x0000000000015928      0x190 networking/lib.a(ntpd.o)
 .text.step_time
                0x0000000000015ab8      0x128 networking/lib.a(ntpd.o)
 .text.update_local_clock
                0x0000000000015be0      0x2c0 networking/lib.a(ntpd.o)
 .text.recv_and_process_client_pkt
                0x0000000000015ea0      0x250 networking/lib.a(ntpd.o)
 .text.recv_and_process_peer_pkt
                0x00000000000160f0      0x6c8 networking/lib.a(ntpd.o)
 .text.ntpd_main
                0x00000000000167b8      0x3d0 networking/lib.a(ntpd.o)
                0x00000000000167b8                ntpd_main
 .text.cbq_print_opt
                0x0000000000016b88      0x1a0 networking/lib.a(tc.o)
 .text.iostat_main
                0x0000000000016d28      0x730 procps/lib.a(iostat.o)
                0x0000000000016d28                iostat_main
 .text.write_stats_core
                0x0000000000017458      0x598 procps/lib.a(mpstat.o)
 .text.powertop_main
                0x00000000000179f0      0x4a8 procps/lib.a(powertop.o)
                0x00000000000179f0                powertop_main
 .text.showmode
                0x0000000000017e98      0x120 util-linux/lib.a(fbset.o)
 .text.script_main
                0x0000000000017fb8      0x320 util-linux/lib.a(script.o)
                0x0000000000017fb8                script_main
 .text.scriptreplay_main
                0x00000000000182d8       0x88 util-linux/lib.a(scriptreplay.o)
                0x00000000000182d8                scriptreplay_main
 .text.dd_output_status
                0x0000000000018360       0xe0 coreutils/lib.a(dd.o)
 .text.df_main  0x0000000000018440      0x310 coreutils/lib.a(df.o)
                0x0000000000018440                df_main
 .text.sleep_main
                0x0000000000018750      0x130 coreutils/lib.a(sleep.o)
                0x0000000000018750                sleep_main
 .text.evaluate
                0x0000000000018880      0xa48 editors/lib.a(awk.o)
 .text.awk_main
                0x00000000000192c8      0x330 editors/lib.a(awk.o)
                0x00000000000192c8                awk_main
 .text.bootchartd_main
                0x00000000000195f8      0x3b8 init/lib.a(bootchartd.o)
                0x00000000000195f8                bootchartd_main
 .text          0x00000000000199b0      0x278 /usr/local/arm/gcc-linaro-4.9.4-2017.01-x86_64_arm-linux-gnueabihf/bin/../lib/gcc/arm-linux-gnueabihf/4.9.4/libgcc.a(_udivsi3.o)
                0x00000000000199b0                __aeabi_uidiv
                0x00000000000199b0                __udivsi3
                0x0000000000019c0c                __aeabi_uidivmod
 .text          0x0000000000019c28      0x2b0 /usr/local/arm/gcc-linaro-4.9.4-2017.01-x86_64_arm-linux-gnueabihf/bin/../lib/gcc/arm-linux-gnueabihf/4.9.4/libgcc.a(_divsi3.o)
                0x0000000000019c28                __divsi3
                0x0000000000019c28                __aeabi_idiv
                0x0000000000019ebc                __aeabi_idivmod
 .text          0x0000000000019ed8       0x48 /usr/local/arm/gcc-linaro-4.9.4-2017.01-x86_64_arm-linux-gnueabihf/bin/../lib/gcc/arm-linux-gnueabihf/4.9.4/libgcc.a(_fixunsdfdi.o)
                0x0000000000019ed8                __aeabi_d2ulz
                0x0000000000019ed8                __fixunsdfdi
 .text          0x0000000000019f20       0x30 /usr/local/arm/gcc-linaro-4.9.4-2017.01-x86_64_arm-linux-gnueabihf/bin/../arm-linux-gnueabihf/libc/usr/lib/crt1.o
                0x0000000000019f20                _start
 .text          0x0000000000019f50       0x24 /usr/local/arm/gcc-linaro-4.9.4-2017.01-x86_64_arm-linux-gnueabihf/bin/../arm-linux-gnueabihf/libc/usr/lib/crti.o
 .text          0x0000000000019f74       0x8c /usr/local/arm/gcc-linaro-4.9.4-2017.01-x86_64_arm-linux-gnueabihf/bin/../lib/gcc/arm-linux-gnueabihf/4.9.4/crtbegin.o
 .text.unpack_usage_messages
                0x000000000001a000       0x50 libbb/lib.a(appletlib.o)
 .text.find_applet_by_name
                0x000000000001a050       0x74 libbb/lib.a(appletlib.o)
                0x000000000001a050                find_applet_by_name
 .text.bb_show_usage
                0x000000000001a0c4       0x78 libbb/lib.a(appletlib.o)
                0x000000000001a0c4                bb_show_usage
 .text.parse_config_file
                0x000000000001a13c      0x200 libbb/lib.a(appletlib.o)
 .text.lbb_prepare
                0x000000000001a33c       0x1c libbb/lib.a(appletlib.o)
                0x000000000001a33c                lbb_prepare
 .text.run_applet_no_and_exit
                0x000000000001a358      0x188 libbb/lib.a(appletlib.o)
                0x000000000001a358                run_applet_no_and_exit
 .text.run_applet_and_exit
                0x000000000001a4e0      0x248 libbb/lib.a(appletlib.o)
 .text.main     0x000000000001a728       0x50 libbb/lib.a(appletlib.o)
                0x000000000001a728                main
 .text.concat_path_file
                0x000000000001a778       0x44 libbb/lib.a(concat_path_file.o)
                0x000000000001a778                concat_path_file
 .text.bb_perror_msg
                0x000000000001a7bc       0x30 libbb/lib.a(perror_msg.o)
                0x000000000001a7bc                bb_perror_msg
 .text.bb_perror_msg_and_die
                0x000000000001a7ec       0x2c libbb/lib.a(perror_msg.o)
                0x000000000001a7ec                bb_perror_msg_and_die
 .text.bb_simple_perror_msg
                0x000000000001a818        0xc libbb/lib.a(perror_msg.o)
                0x000000000001a818                bb_simple_perror_msg
 .text.bb_simple_perror_msg_and_die
                0x000000000001a824       0x10 libbb/lib.a(perror_msg.o)
                0x000000000001a824                bb_simple_perror_msg_and_die
 .text.skip_dev_pfx
                0x000000000001a834       0x18 libbb/lib.a(skip_whitespace.o)
                0x000000000001a834                skip_dev_pfx
 .text.bb_verror_msg
                0x000000000001a84c      0x160 libbb/lib.a(verror_msg.o)
                0x000000000001a84c                bb_verror_msg
 .text.xfdopen_helper
                0x000000000001a9ac       0x28 libbb/lib.a(wfopen.o)
 .text.fopen_for_read
                0x000000000001a9d4        0xc libbb/lib.a(wfopen.o)
                0x000000000001a9d4                fopen_for_read
 .text.xfopen_for_read
                0x000000000001a9e0        0xc libbb/lib.a(wfopen.o)
                0x000000000001a9e0                xfopen_for_read
 .text.fopen_for_write
                0x000000000001a9ec        0xc libbb/lib.a(wfopen.o)
                0x000000000001a9ec                fopen_for_write
 .text.xfopen_for_write
                0x000000000001a9f8        0xc libbb/lib.a(wfopen.o)
                0x000000000001a9f8                xfopen_for_write
 .text.xfunc_die
                0x000000000001aa04       0x1c libbb/lib.a(xfunc_die.o)
                0x000000000001aa04                xfunc_die
 .text.utoa_to_buf
                0x000000000001aa20       0x64 libbb/lib.a(xfuncs.o)
                0x000000000001aa20                utoa_to_buf
 .text.utoa     0x000000000001aa84       0x18 libbb/lib.a(xfuncs.o)
                0x000000000001aa84                utoa
 .text.itoa     0x000000000001aa9c       0x18 libbb/lib.a(xfuncs.o)
                0x000000000001aa9c                itoa
 .text.bin2hex  0x000000000001aab4       0x3c libbb/lib.a(xfuncs.o)
                0x000000000001aab4                bin2hex
 .text.hex2bin  0x000000000001aaf0       0x90 libbb/lib.a(xfuncs.o)
                0x000000000001aaf0                hex2bin
 .text.get_terminal_width_height
                0x000000000001ab80       0xd4 libbb/lib.a(xfuncs.o)
                0x000000000001ab80                get_terminal_width_height
 .text.safe_waitpid
                0x000000000001ac54       0x28 libbb/lib.a(xfuncs.o)
                0x000000000001ac54                safe_waitpid
 .text.wait_for_exitstatus
                0x000000000001ac7c       0x20 libbb/lib.a(xfuncs.o)
                0x000000000001ac7c                wait_for_exitstatus
 .text.bb_die_memory_exhausted
                0x000000000001ac9c        0xc libbb/lib.a(xfuncs_printf.o)
                0x000000000001ac9c                bb_die_memory_exhausted
 .text.malloc_or_warn
                0x000000000001aca8       0x1c libbb/lib.a(xfuncs_printf.o)
                0x000000000001aca8                malloc_or_warn
 .text.xfopen   0x000000000001acc4       0x18 libbb/lib.a(xfuncs_printf.o)
                0x000000000001acc4                xfopen
 .text.xopen3   0x000000000001acdc       0x1c libbb/lib.a(xfuncs_printf.o)
                0x000000000001acdc                xopen3
 .text.open3_or_warn
                0x000000000001acf8       0x1c libbb/lib.a(xfuncs_printf.o)
                0x000000000001acf8                open3_or_warn
 .text.xunlink  0x000000000001ad14       0x18 libbb/lib.a(xfuncs_printf.o)
                0x000000000001ad14                xunlink
 .text.xrename  0x000000000001ad2c       0x1c libbb/lib.a(xfuncs_printf.o)
                0x000000000001ad2c                xrename
 .text.rename_or_warn
                0x000000000001ad48       0x20 libbb/lib.a(xfuncs_printf.o)
                0x000000000001ad48                rename_or_warn
 .text.xpipe    0x000000000001ad68       0x14 libbb/lib.a(xfuncs_printf.o)
                0x000000000001ad68                xpipe
 .text.xdup2    0x000000000001ad7c       0x18 libbb/lib.a(xfuncs_printf.o)
                0x000000000001ad7c                xdup2
 .text.xwrite   0x000000000001ad94       0x28 libbb/lib.a(xfuncs_printf.o)
                0x000000000001ad94                xwrite
 .text.xclose   0x000000000001adbc       0x14 libbb/lib.a(xfuncs_printf.o)
                0x000000000001adbc                xclose
 .text.xlseek   0x000000000001add0       0x38 libbb/lib.a(xfuncs_printf.o)
                0x000000000001add0                xlseek
 .text.xmkstemp
                0x000000000001ae08       0x1c libbb/lib.a(xfuncs_printf.o)
                0x000000000001ae08                xmkstemp
 .text.die_if_ferror
                0x000000000001ae24       0x18 libbb/lib.a(xfuncs_printf.o)
                0x000000000001ae24                die_if_ferror
 .text.die_if_ferror_stdout
                0x000000000001ae3c       0x14 libbb/lib.a(xfuncs_printf.o)
                0x000000000001ae3c                die_if_ferror_stdout
 .text.xsetgid  0x000000000001ae50       0x14 libbb/lib.a(xfuncs_printf.o)
                0x000000000001ae50                xsetgid
 .text.xsetuid  0x000000000001ae64       0x14 libbb/lib.a(xfuncs_printf.o)
                0x000000000001ae64                xsetuid
 .text.xsetegid
                0x000000000001ae78       0x14 libbb/lib.a(xfuncs_printf.o)
                0x000000000001ae78                xsetegid
 .text.xseteuid
                0x000000000001ae8c       0x14 libbb/lib.a(xfuncs_printf.o)
                0x000000000001ae8c                xseteuid
 .text.xchdir   0x000000000001aea0       0x18 libbb/lib.a(xfuncs_printf.o)
                0x000000000001aea0                xchdir
 .text.xfchdir  0x000000000001aeb8       0x14 libbb/lib.a(xfuncs_printf.o)
                0x000000000001aeb8                xfchdir
 .text.xchroot  0x000000000001aecc       0x24 libbb/lib.a(xfuncs_printf.o)
                0x000000000001aecc                xchroot
 .text.warn_opendir
                0x000000000001aef0       0x1c libbb/lib.a(xfuncs_printf.o)
                0x000000000001aef0                warn_opendir
 .text.xopendir
                0x000000000001af0c       0x18 libbb/lib.a(xfuncs_printf.o)
                0x000000000001af0c                xopendir
 .text.xsocket  0x000000000001af24       0x18 libbb/lib.a(xfuncs_printf.o)
                0x000000000001af24                xsocket
 .text.xbind    0x000000000001af3c       0x14 libbb/lib.a(xfuncs_printf.o)
                0x000000000001af3c                xbind
 .text.xlisten  0x000000000001af50       0x14 libbb/lib.a(xfuncs_printf.o)
                0x000000000001af50                xlisten
 .text.xsendto  0x000000000001af64       0x20 libbb/lib.a(xfuncs_printf.o)
                0x000000000001af64                xsendto
 .text.xstat    0x000000000001af84       0x18 libbb/lib.a(xfuncs_printf.o)
                0x000000000001af84                xstat
 .text.ioctl_or_perror_and_die
                0x000000000001af9c       0x38 libbb/lib.a(xfuncs_printf.o)
                0x000000000001af9c                ioctl_or_perror_and_die
 .text.ioctl_or_perror
                0x000000000001afd4       0x34 libbb/lib.a(xfuncs_printf.o)
                0x000000000001afd4                ioctl_or_perror
 .text.generate_uuid
                0x000000000001b008       0x70 libbb/lib.a(xfuncs_printf.o)
                0x000000000001b008                generate_uuid
 .text.xfork    0x000000000001b078       0x18 libbb/lib.a(xfuncs_printf.o)
                0x000000000001b078                xfork
 .text.xvfork_parent_waits_and_exits
                0x000000000001b090       0x3c libbb/lib.a(xfuncs_printf.o)
                0x000000000001b090                xvfork_parent_waits_and_exits
 .text.xmalloc_follow_symlinks
                0x000000000001b0cc       0x78 libbb/lib.a(xreadlink.o)
                0x000000000001b0cc                xmalloc_follow_symlinks
 .text.xmalloc_readlink_or_warn
                0x000000000001b144       0x38 libbb/lib.a(xreadlink.o)
                0x000000000001b144                xmalloc_readlink_or_warn
 .text.xmalloc_realpath_coreutils
                0x000000000001b17c       0x60 libbb/lib.a(xreadlink.o)
                0x000000000001b17c                xmalloc_realpath_coreutils
 .text.bb_full_fd_action
                0x000000000001b1dc      0x118 libbb/lib.a(copyfd.o)
 .text.bb_copyfd_exact_size
                0x000000000001b2f4       0x40 libbb/lib.a(copyfd.o)
                0x000000000001b2f4                bb_copyfd_exact_size
 .text.safe_read
                0x000000000001b334       0x28 libbb/lib.a(read.o)
                0x000000000001b334                safe_read
 .text.safe_write
                0x000000000001b35c       0x34 libbb/lib.a(safe_write.o)
                0x000000000001b35c                safe_write
 .text.record_signo
                0x000000000001b390        0xc libbb/lib.a(signals.o)
                0x000000000001b390                record_signo
 .text.get_mono
                0x000000000001b39c       0x1c libbb/lib.a(time.o)
 .text.parse_datestr
                0x000000000001b3b8      0x2f0 libbb/lib.a(time.o)
                0x000000000001b3b8                parse_datestr
 .text.validate_tm_time
                0x000000000001b6a8       0x1c libbb/lib.a(time.o)
                0x000000000001b6a8                validate_tm_time
 .text.strftime_HHMMSS
                0x000000000001b6c4       0x2c libbb/lib.a(time.o)
                0x000000000001b6c4                strftime_HHMMSS
 .text.strftime_YYYYMMDDHHMMSS
                0x000000000001b6f0       0x2c libbb/lib.a(time.o)
                0x000000000001b6f0                strftime_YYYYMMDDHHMMSS
 .text.monotonic_us
                0x000000000001b71c       0x24 libbb/lib.a(time.o)
                0x000000000001b71c                monotonic_us
 .text.monotonic_ms
                0x000000000001b740       0x24 libbb/lib.a(time.o)
                0x000000000001b740                monotonic_ms
 .text.handle_errors.isra.0
                0x000000000001b764       0x38 libbb/lib.a(bb_strtonum.o)
 .text.bb_strtoull
                0x000000000001b79c       0x4c libbb/lib.a(bb_strtonum.o)
                0x000000000001b79c                bb_strtoull
 .text.bb_strtoll
                0x000000000001b7e8       0x54 libbb/lib.a(bb_strtonum.o)
                0x000000000001b7e8                bb_strtoll
 .text.bb_strtoul
                0x000000000001b83c       0x48 libbb/lib.a(bb_strtonum.o)
                0x000000000001b83c                bb_strtoul
 .text.bb_strtol
                0x000000000001b884       0x50 libbb/lib.a(bb_strtonum.o)
                0x000000000001b884                bb_strtol
 .text.get_S    0x000000000001b8d4       0x7c libpwdgrp/lib.a(pwd_grp.o)
 .text.tokenize
                0x000000000001b950       0x80 libpwdgrp/lib.a(pwd_grp.o)
 .text.parse_common
                0x000000000001b9d0       0x94 libpwdgrp/lib.a(pwd_grp.o)
 .text.convert_to_struct
                0x000000000001ba64       0xe0 libpwdgrp/lib.a(pwd_grp.o)
 .text.massage_data_for_r_func
                0x000000000001bb44       0x58 libpwdgrp/lib.a(pwd_grp.o)
 .text.massage_data_for_non_r_func
                0x000000000001bb9c       0x48 libpwdgrp/lib.a(pwd_grp.o)
 .text.getgrouplist_internal
                0x000000000001bbe4       0xa0 libpwdgrp/lib.a(pwd_grp.o)
 .text.bb_internal_endpwent
                0x000000000001bc84       0x1c libpwdgrp/lib.a(pwd_grp.o)
                0x000000000001bc84                bb_internal_endpwent
 .text.bb_internal_setpwent
                0x000000000001bca0       0x14 libpwdgrp/lib.a(pwd_grp.o)
                0x000000000001bca0                bb_internal_setpwent
 .text.bb_internal_endgrent
                0x000000000001bcb4       0x1c libpwdgrp/lib.a(pwd_grp.o)
                0x000000000001bcb4                bb_internal_endgrent
 .text.get_uidgid
                0x000000000001bcd0       0xa0 libpwdgrp/lib.a(uidgid_get.o)
                0x000000000001bcd0                get_uidgid
 .text.xget_uidgid
                0x000000000001bd70       0x18 libpwdgrp/lib.a(uidgid_get.o)
                0x000000000001bd70                xget_uidgid
 .text.parse_chown_usergroup_or_die
                0x000000000001bd88       0x5c libpwdgrp/lib.a(uidgid_get.o)
                0x000000000001bd88                parse_chown_usergroup_or_die
 .text.add_remove_shell_main
                0x000000000001bde4       0xf4 loginutils/lib.a(add-remove-shell.o)
                0x000000000001bde4                add_remove_shell_main
 .text.addgroup_main
                0x000000000001bed8      0x16c loginutils/lib.a(addgroup.o)
                0x000000000001bed8                addgroup_main
 .text.addgroup_wrapper
                0x000000000001c044       0x48 loginutils/lib.a(adduser.o)
 .text.adduser_main
                0x000000000001c08c      0x2a8 loginutils/lib.a(adduser.o)
                0x000000000001c08c                adduser_main
 .text.chpasswd_main
                0x000000000001c334      0x108 loginutils/lib.a(chpasswd.o)
                0x000000000001c334                chpasswd_main
 .text.cryptpw_main
                0x000000000001c43c       0xac loginutils/lib.a(cryptpw.o)
                0x000000000001c43c                cryptpw_main
 .text.deluser_main
                0x000000000001c4e8      0x11c loginutils/lib.a(deluser.o)
                0x000000000001c4e8                deluser_main
 .text.set_tty_attrs
                0x000000000001c604       0x20 loginutils/lib.a(getty.o)
 .text.finalize_tty_attrs
                0x000000000001c624       0x68 loginutils/lib.a(getty.o)
 .text.getty_main
                0x000000000001c68c      0x510 loginutils/lib.a(getty.o)
                0x000000000001c68c                getty_main
 .text.alarm_handler
                0x000000000001cb9c       0x30 loginutils/lib.a(login.o)
 .text.login_main
                0x000000000001cbcc      0x354 loginutils/lib.a(login.o)
                0x000000000001cbcc                login_main
 .text.passwd_main
                0x000000000001cf20      0x2f0 loginutils/lib.a(passwd.o)
                0x000000000001cf20                passwd_main
 .text.su_main  0x000000000001d210      0x188 loginutils/lib.a(su.o)
                0x000000000001d210                su_main
 .text.sulogin_main
                0x000000000001d398       0xe0 loginutils/lib.a(sulogin.o)
                0x000000000001d398                sulogin_main
 .text.release_vt
                0x000000000001d478       0x18 loginutils/lib.a(vlock.o)
 .text.vlock_main
                0x000000000001d490      0x13c loginutils/lib.a(vlock.o)
                0x000000000001d490                vlock_main
 .text.makemime_main
                0x000000000001d5cc      0x120 mailutils/lib.a(makemime.o)
                0x000000000001d5cc                makemime_main
 .text.pop3_checkr
                0x000000000001d6ec       0x64 mailutils/lib.a(popmaildir.o)
 .text.popmaildir_main
                0x000000000001d750      0x29c mailutils/lib.a(popmaildir.o)
                0x000000000001d750                popmaildir_main
 .text.parse    0x000000000001d9ec      0x2ec mailutils/lib.a(reformime.o)
 .text.reformime_main
                0x000000000001dcd8       0x6c mailutils/lib.a(reformime.o)
                0x000000000001dcd8                reformime_main
 .text.smtp_checkp
                0x000000000001dd44       0x94 mailutils/lib.a(sendmail.o)
 .text.rcptto   0x000000000001ddd8       0x30 mailutils/lib.a(sendmail.o)
 .text.sane_address
                0x000000000001de08       0x44 mailutils/lib.a(sendmail.o)
 .text.send_r_n
                0x000000000001de4c       0x2c mailutils/lib.a(sendmail.o)
 .text.sendmail_main
                0x000000000001de78      0x3b0 mailutils/lib.a(sendmail.o)
                0x000000000001de78                sendmail_main
 .text.signal_handler
                0x000000000001e228       0x58 mailutils/lib.a(mail.o)
 .text.launch_helper
                0x000000000001e280       0xb4 mailutils/lib.a(mail.o)
                0x000000000001e280                launch_helper
 .text.send_mail_command
                0x000000000001e334       0x48 mailutils/lib.a(mail.o)
                0x000000000001e334                send_mail_command
 .text.encode_base64
                0x000000000001e37c       0xc8 mailutils/lib.a(mail.o)
                0x000000000001e37c                encode_base64
 .text.get_cred_or_die
                0x000000000001e444       0x68 mailutils/lib.a(mail.o)
                0x000000000001e444                get_cred_or_die
 .text.adjtimex_main
                0x000000000001e4ac      0x124 miscutils/lib.a(adjtimex.o)
                0x000000000001e4ac                adjtimex_main
 .text.beep_main
                0x000000000001e5d0       0xf4 miscutils/lib.a(beep.o)
                0x000000000001e5d0                beep_main
 .text.signal_handler
                0x000000000001e6c4        0xc miscutils/lib.a(chat.o)
 .text.chat_main
                0x000000000001e6d0      0x3c4 miscutils/lib.a(chat.o)
                0x000000000001e6d0                chat_main
 .text.create_cdev_if_doesnt_exist
                0x000000000001ea94       0x3c miscutils/lib.a(conspy.o)
 .text.start_shell_in_child
                0x000000000001ead0       0xac miscutils/lib.a(conspy.o)
 .text.putcsi   0x000000000001eb7c       0x24 miscutils/lib.a(conspy.o)
 .text.set_cursor
                0x000000000001eba0       0x34 miscutils/lib.a(conspy.o)
 .text.gotoxy   0x000000000001ebd4       0x28 miscutils/lib.a(conspy.o)
 .text.screen_char
                0x000000000001ebfc       0xdc miscutils/lib.a(conspy.o)
 .text.screen_dump
                0x000000000001ecd8       0x94 miscutils/lib.a(conspy.o)
 .text.cleanup  0x000000000001ed6c       0x4c miscutils/lib.a(conspy.o)
 .text.screen_read_close
                0x000000000001edb8       0xc4 miscutils/lib.a(conspy.o)
 .text.conspy_main
                0x000000000001ee7c      0x398 miscutils/lib.a(conspy.o)
                0x000000000001ee7c                conspy_main
 .text.crondlog
                0x000000000001f214       0x2c miscutils/lib.a(crond.o)
 .text.reopen_logfile_to_stderr
                0x000000000001f240       0x24 miscutils/lib.a(crond.o)
 .text.delete_cronfile
                0x000000000001f264       0x68 miscutils/lib.a(crond.o)
 .text.ParseField
                0x000000000001f2cc      0x158 miscutils/lib.a(crond.o)
 .text.safe_setenv
                0x000000000001f424       0x28 miscutils/lib.a(crond.o)
 .text.fork_job
                0x000000000001f44c      0x15c miscutils/lib.a(crond.o)
 .text.start_jobs
                0x000000000001f5a8      0x104 miscutils/lib.a(crond.o)
 .text.log7.constprop.0
                0x000000000001f6ac       0x20 miscutils/lib.a(crond.o)
 .text.load_crontab
                0x000000000001f6cc      0x2a0 miscutils/lib.a(crond.o)
 .text.rescan_crontab_dir
                0x000000000001f96c       0x74 miscutils/lib.a(crond.o)
 .text.crond_main
                0x000000000001f9e0      0x334 miscutils/lib.a(crond.o)
                0x000000000001f9e0                crond_main
 .text.edit_file
                0x000000000001fd14       0x70 miscutils/lib.a(crontab.o)
 .text.crontab_main
                0x000000000001fd84      0x1b4 miscutils/lib.a(crontab.o)
                0x000000000001fd84                crontab_main
 .text.pop      0x000000000001ff38       0x28 miscutils/lib.a(dc.o)
 .text.push     0x000000000001ff60       0x2c miscutils/lib.a(dc.o)
 .text.stack_machine
                0x000000000001ff8c       0x5c miscutils/lib.a(dc.o)
 .text.set_output_base
                0x000000000001ffe8       0x44 miscutils/lib.a(dc.o)
 .text.print_base
                0x000000000002002c       0xd0 miscutils/lib.a(dc.o)
 .text.print_stack_no_pop
                0x00000000000200fc       0x28 miscutils/lib.a(dc.o)
 .text.print_no_pop
                0x0000000000020124       0x2c miscutils/lib.a(dc.o)
 .text.dc_main  0x0000000000020150       0x48 miscutils/lib.a(dc.o)
                0x0000000000020150                dc_main
 .text.devmem_main
                0x0000000000020198      0x160 miscutils/lib.a(devmem.o)
                0x0000000000020198                devmem_main
 .text.fb_pixel_value
                0x00000000000202f8       0x58 miscutils/lib.a(fbsplash.o)
 .text.fb_write_pixel
                0x0000000000020350       0x30 miscutils/lib.a(fbsplash.o)
 .text.fb_drawfullrectangle
                0x0000000000020380       0x60 miscutils/lib.a(fbsplash.o)
 .text.fb_drawprogressbar
                0x00000000000203e0      0x174 miscutils/lib.a(fbsplash.o)
 .text.fb_setpal
                0x0000000000020554       0x68 miscutils/lib.a(fbsplash.o)
 .text.fbsplash_main
                0x00000000000205bc      0x324 miscutils/lib.a(fbsplash.o)
                0x00000000000205bc                fbsplash_main
 .text.parse_opts
                0x00000000000208e0       0x1c miscutils/lib.a(hdparm.o)
 .text.translate_xfermode
                0x00000000000208fc       0x54 miscutils/lib.a(hdparm.o)
 .text.xprint_ascii
                0x0000000000020950       0x54 miscutils/lib.a(hdparm.o)
 .text.mode_loop
                0x00000000000209a4       0x5c miscutils/lib.a(hdparm.o)
 .text.print_flag
                0x0000000000020a00       0x10 miscutils/lib.a(hdparm.o)
 .text.on_off   0x0000000000020a10       0x18 miscutils/lib.a(hdparm.o)
 .text.print_flag_on_off
                0x0000000000020a28       0x1c miscutils/lib.a(hdparm.o)
 .text.print_value_on_off
                0x0000000000020a44       0x20 miscutils/lib.a(hdparm.o)
 .text.identify
                0x0000000000020a64      0xd7c miscutils/lib.a(hdparm.o)
 .text.identify_from_stdin
                0x00000000000217e0       0x64 miscutils/lib.a(hdparm.o)
 .text.dump_identity
                0x0000000000021844      0x378 miscutils/lib.a(hdparm.o)
 .text.flush_buffer_cache
                0x0000000000021bbc       0x4c miscutils/lib.a(hdparm.o)
 .text.do_time  0x0000000000021c08      0x160 miscutils/lib.a(hdparm.o)
 .text.ioctl_alt_func.constprop.0
                0x0000000000021d68       0x30 miscutils/lib.a(hdparm.o)
 .text.bus_state_value
                0x0000000000021d98       0x30 miscutils/lib.a(hdparm.o)
 .text.process_dev
                0x0000000000021dc8      0x9f0 miscutils/lib.a(hdparm.o)
 .text.hdparm_main
                0x00000000000227b8      0x3c0 miscutils/lib.a(hdparm.o)
                0x00000000000227b8                hdparm_main
 .text.format_line
                0x0000000000022b78       0xc0 miscutils/lib.a(hexedit.o)
 .text.redraw_cur_line
                0x0000000000022c38       0x50 miscutils/lib.a(hexedit.o)
 .text.redraw   0x0000000000022c88       0xb0 miscutils/lib.a(hexedit.o)
 .text.restore_term
                0x0000000000022d38       0x24 miscutils/lib.a(hexedit.o)
 .text.sig_catcher
                0x0000000000022d5c       0x24 miscutils/lib.a(hexedit.o)
 .text.remap    0x0000000000022d80       0x7c miscutils/lib.a(hexedit.o)
 .text.move_mapping_further
                0x0000000000022dfc       0x60 miscutils/lib.a(hexedit.o)
 .text.move_mapping_lower
                0x0000000000022e5c       0x4c miscutils/lib.a(hexedit.o)
 .text.hexedit_main
                0x0000000000022ea8      0x368 miscutils/lib.a(hexedit.o)
                0x0000000000022ea8                hexedit_main
 .text.i2c_bus_lookup
                0x0000000000023210       0x10 miscutils/lib.a(i2c_tools.o)
 .text.i2c_dev_open
                0x0000000000023220       0x4c miscutils/lib.a(i2c_tools.o)
 .text.check_funcs_test_end
                0x000000000002326c       0x28 miscutils/lib.a(i2c_tools.o)
 .text.check_read_funcs
                0x0000000000023294       0x9c miscutils/lib.a(i2c_tools.o)
 .text.i2c_set_slave_addr
                0x0000000000023330       0x24 miscutils/lib.a(i2c_tools.o)
 .text.confirm_or_abort
                0x0000000000023354       0x28 miscutils/lib.a(i2c_tools.o)
 .text.confirm_action
                0x000000000002337c       0x50 miscutils/lib.a(i2c_tools.o)
 .text.list_i2c_busses_and_exit
                0x00000000000233cc      0x170 miscutils/lib.a(i2c_tools.o)
 .text.i2cget_main
                0x000000000002353c      0x144 miscutils/lib.a(i2c_tools.o)
                0x000000000002353c                i2cget_main
 .text.i2cset_main
                0x0000000000023680      0x3e4 miscutils/lib.a(i2c_tools.o)
                0x0000000000023680                i2cset_main
 .text.i2cdump_main
                0x0000000000023a64      0x474 miscutils/lib.a(i2c_tools.o)
                0x0000000000023a64                i2cdump_main
 .text.i2cdetect_main
                0x0000000000023ed8      0x228 miscutils/lib.a(i2c_tools.o)
                0x0000000000023ed8                i2cdetect_main
 .text.at_end   0x0000000000024100       0x48 miscutils/lib.a(less.o)
 .text.safe_lineno
                0x0000000000024148       0x28 miscutils/lib.a(less.o)
 .text.sigwinch_handler
                0x0000000000024170       0x10 miscutils/lib.a(less.o)
 .text.set_tty_cooked
                0x0000000000024180       0x20 miscutils/lib.a(less.o)
 .text.clear_line
                0x00000000000241a0       0x18 miscutils/lib.a(less.o)
 .text.less_exit
                0x00000000000241b8       0x30 miscutils/lib.a(less.o)
 .text.print_statusline
                0x00000000000241e8       0x24 miscutils/lib.a(less.o)
 .text.fill_match_lines
                0x000000000002420c       0x7c miscutils/lib.a(less.o)
 .text.read_lines
                0x0000000000024288      0x280 miscutils/lib.a(less.o)
 .text.goto_lineno
                0x0000000000024508       0x68 miscutils/lib.a(less.o)
 .text.cap_cur_fline
                0x0000000000024570       0x68 miscutils/lib.a(less.o)
 .text.re_wrap  0x00000000000245d8      0x144 miscutils/lib.a(less.o)
 .text.update_num_lines
                0x000000000002471c       0xa8 miscutils/lib.a(less.o)
 .text.m_status_print
                0x00000000000247c4       0xe0 miscutils/lib.a(less.o)
 .text.status_print
                0x00000000000248a4       0x70 miscutils/lib.a(less.o)
 .text.buffer_print
                0x0000000000024914      0x22c miscutils/lib.a(less.o)
 .text.buffer_fill_and_print
                0x0000000000024b40       0x98 miscutils/lib.a(less.o)
 .text.reinitialize
                0x0000000000024bd8       0x8c miscutils/lib.a(less.o)
 .text.change_file
                0x0000000000024c64       0x60 miscutils/lib.a(less.o)
 .text.buffer_down
                0x0000000000024cc4       0x40 miscutils/lib.a(less.o)
 .text.buffer_up
                0x0000000000024d04       0x48 miscutils/lib.a(less.o)
 .text.buffer_to_line
                0x0000000000024d4c       0x2c miscutils/lib.a(less.o)
 .text.goto_match
                0x0000000000024d78       0x68 miscutils/lib.a(less.o)
 .text.getch_nowait
                0x0000000000024de0       0xcc miscutils/lib.a(less.o)
 .text.less_getch
                0x0000000000024eac       0x28 miscutils/lib.a(less.o)
 .text.less_gets
                0x0000000000024ed4       0x7c miscutils/lib.a(less.o)
 .text.examine_file
                0x0000000000024f50       0x5c miscutils/lib.a(less.o)
 .text.regex_process
                0x0000000000024fac       0xe4 miscutils/lib.a(less.o)
 .text.less_main
                0x0000000000025090      0x7c0 miscutils/lib.a(less.o)
                0x0000000000025090                less_main
 .text.lsscsi_main
                0x0000000000025850       0xfc miscutils/lib.a(lsscsi.o)
                0x0000000000025850                lsscsi_main
 .text.makedevs_main
                0x000000000002594c      0x2a8 miscutils/lib.a(makedevs.o)
                0x000000000002594c                makedevs_main
 .text.run_pipe
                0x0000000000025bf4      0x124 miscutils/lib.a(man.o)
 .text.show_manpage
                0x0000000000025d18       0x88 miscutils/lib.a(man.o)
 .text.man_main
                0x0000000000025da0      0x27c miscutils/lib.a(man.o)
                0x0000000000025da0                man_main
 .text.microcom_main
                0x000000000002601c      0x1fc miscutils/lib.a(microcom.o)
                0x000000000002601c                microcom_main
 .text.mt_main  0x0000000000026218       0xc8 miscutils/lib.a(mt.o)
                0x0000000000026218                mt_main
 .text.next_good_eraseblock
                0x00000000000262e0       0x64 miscutils/lib.a(nandwrite.o)
 .text.nandwrite_main
                0x0000000000026344      0x334 miscutils/lib.a(nandwrite.o)
                0x0000000000026344                nandwrite_main
 .text.partprobe_main
                0x0000000000026678       0x4c miscutils/lib.a(partprobe.o)
                0x0000000000026678                partprobe_main
 .text.raidautorun_main
                0x00000000000266c4       0x24 miscutils/lib.a(raidautorun.o)
                0x00000000000266c4                raidautorun_main
 .text.runlevel_main
                0x00000000000266e8       0x64 miscutils/lib.a(runlevel.o)
                0x00000000000266e8                runlevel_main
 .text.rx_main  0x000000000002674c      0x2a4 miscutils/lib.a(rx.o)
                0x000000000002674c                rx_main
 .text.setfattr_main
                0x00000000000269f0       0xa8 miscutils/lib.a(setfattr.o)
                0x00000000000269f0                setfattr_main
 .text.serial_ctl
                0x0000000000026a98       0x74 miscutils/lib.a(setserial.o)
 .text.setserial_main
                0x0000000000026b0c      0x420 miscutils/lib.a(setserial.o)
                0x0000000000026b0c                setserial_main
 .text.strings_main
                0x0000000000026f2c      0x14c miscutils/lib.a(strings.o)
                0x0000000000026f2c                strings_main
 .text.run_command
                0x0000000000027078       0x9c miscutils/lib.a(time.o)
 .text.time_main
                0x0000000000027114      0x3e8 miscutils/lib.a(time.o)
                0x0000000000027114                time_main
 .text.ttysize_main
                0x00000000000274fc       0x8c miscutils/lib.a(ttysize.o)
                0x00000000000274fc                ttysize_main
 .text.get_num_from_file
                0x0000000000027588       0x50 miscutils/lib.a(ubi_tools.o)
 .text.ubi_tools_main
                0x00000000000275d8      0x378 miscutils/lib.a(ubi_tools.o)
                0x00000000000275d8                ubi_tools_main
 .text.ubirename_main
                0x0000000000027950       0xb8 miscutils/lib.a(ubirename.o)
                0x0000000000027950                ubirename_main
 .text.volname_main
                0x0000000000027a08       0x48 miscutils/lib.a(volname.o)
                0x0000000000027a08                volname_main
 .text.shutdown_watchdog
                0x0000000000027a50       0x1c miscutils/lib.a(watchdog.o)
 .text.shutdown_on_signal
                0x0000000000027a6c       0x20 miscutils/lib.a(watchdog.o)
 .text.watchdog_main
                0x0000000000027a8c       0xf0 miscutils/lib.a(watchdog.o)
                0x0000000000027a8c                watchdog_main
 .text.display  0x0000000000027b7c       0x4c modutils/lib.a(modinfo.o)
 .text.modinfo  0x0000000000027bc8      0x10c modutils/lib.a(modinfo.o)
 .text.modinfo_main
                0x0000000000027cd4       0xec modutils/lib.a(modinfo.o)
                0x0000000000027cd4                modinfo_main
 .text.moderror
                0x0000000000027dc0       0x38 modutils/lib.a(modprobe-small.o)
 .text.load_dep_bb
                0x0000000000027df8       0xc0 modutils/lib.a(modprobe-small.o)
 .text.append   0x0000000000027eb8       0x44 modutils/lib.a(modprobe-small.o)
 .text.copy_stringbuf
                0x0000000000027efc       0x20 modutils/lib.a(modprobe-small.o)
 .text.rmmod    0x0000000000027f1c       0x38 modutils/lib.a(modprobe-small.o)
 .text.load_module
                0x0000000000027f54       0x6c modutils/lib.a(modprobe-small.o)
 .text.parse_module
                0x0000000000027fc0      0x144 modutils/lib.a(modprobe-small.o)
 .text.find_alias
                0x0000000000028104      0x1f4 modutils/lib.a(modprobe-small.o)
 .text.process_module
                0x00000000000282f8      0x254 modutils/lib.a(modprobe-small.o)
 .text.fileAction
                0x000000000002854c       0x94 modutils/lib.a(modprobe-small.o)
 .text.lsmod_main
                0x00000000000285e0       0x14 modutils/lib.a(modprobe-small.o)
                0x00000000000285e0                lsmod_main
 .text.modprobe_main
                0x00000000000285f4      0x184 modutils/lib.a(modprobe-small.o)
                0x00000000000285f4                modprobe_main
 .text.arp_show
                0x0000000000028778      0x1dc networking/lib.a(arp.o)
 .text.arp_main
                0x0000000000028954      0x408 networking/lib.a(arp.o)
                0x0000000000028954                arp_main
 .text.finish   0x0000000000028d5c       0x58 networking/lib.a(arping.o)
 .text.catcher  0x0000000000028db4       0xf4 networking/lib.a(arping.o)
 .text.arping_main
                0x0000000000028ea8      0x500 networking/lib.a(arping.o)
                0x0000000000028ea8                arping_main
 .text.dnsd_main
                0x00000000000293a8      0x3c8 networking/lib.a(dnsd.o)
                0x00000000000293a8                dnsd_main
 .text.ether_wake_main
                0x0000000000029770      0x1bc networking/lib.a(ether-wake.o)
                0x0000000000029770                ether_wake_main
 .text.verbose_log
                0x000000000002992c       0x20 networking/lib.a(ftpd.o)
 .text.cmdio_get_cmd_and_arg
                0x000000000002994c       0xd4 networking/lib.a(ftpd.o)
 .text.cmdio_write_ok
                0x0000000000029a20       0x2c networking/lib.a(ftpd.o)
 .text.cmdio_write_error
                0x0000000000029a4c       0x2c networking/lib.a(ftpd.o)
 .text.cmdio_write
                0x0000000000029a78       0x58 networking/lib.a(ftpd.o)
 .text.handle_cwd
                0x0000000000029ad0       0x34 networking/lib.a(ftpd.o)
 .text.port_pasv_cleanup
                0x0000000000029b04       0x28 networking/lib.a(ftpd.o)
 .text.get_remote_transfer_fd
                0x0000000000029b2c       0x50 networking/lib.a(ftpd.o)
 .text.bind_for_passive_mode
                0x0000000000029b7c       0x60 networking/lib.a(ftpd.o)
 .text.cmdio_write_raw
                0x0000000000029bdc       0x28 networking/lib.a(ftpd.o)
 .text.timeout_handler
                0x0000000000029c04       0x5c networking/lib.a(ftpd.o)
 .text.port_or_pasv_was_seen
                0x0000000000029c60       0x28 networking/lib.a(ftpd.o)
 .text.handle_dir_common
                0x0000000000029c88      0x130 networking/lib.a(ftpd.o)
 .text.handle_upload_common
                0x0000000000029db8      0x10c networking/lib.a(ftpd.o)
 .text.ftpd_main
                0x0000000000029ec4      0x774 networking/lib.a(ftpd.o)
                0x0000000000029ec4                ftpd_main
 .text.ftp_die  0x000000000002a638       0x38 networking/lib.a(ftpgetput.o)
 .text.ftpcmd   0x000000000002a670       0x84 networking/lib.a(ftpgetput.o)
 .text.xconnect_ftpdata
                0x000000000002a6f4       0x58 networking/lib.a(ftpgetput.o)
 .text.pump_data_and_QUIT
                0x000000000002a74c       0x48 networking/lib.a(ftpgetput.o)
 .text.ftp_receive
                0x000000000002a794       0xf4 networking/lib.a(ftpgetput.o)
 .text.ftp_send
                0x000000000002a888       0x48 networking/lib.a(ftpgetput.o)
 .text.ftpgetput_main
                0x000000000002a8d0      0x130 networking/lib.a(ftpgetput.o)
                0x000000000002a8d0                ftpgetput_main
 .text.do_sethostname
                0x000000000002aa00       0x50 networking/lib.a(hostname.o)
 .text.hostname_main
                0x000000000002aa50       0xe4 networking/lib.a(hostname.o)
                0x000000000002aa50                hostname_main
 .text.checkPermIP
                0x000000000002ab34       0x34 networking/lib.a(httpd.o)
 .text.parse_conf
                0x000000000002ab68      0x3a8 networking/lib.a(httpd.o)
 .text.sighup_handler
                0x000000000002af10        0xc networking/lib.a(httpd.o)
 .text.get_line
                0x000000000002af1c       0x78 networking/lib.a(httpd.o)
 .text.check_user_passwd
                0x000000000002af94      0x148 networking/lib.a(httpd.o)
 .text.log_and_exit
                0x000000000002b0dc       0x30 networking/lib.a(httpd.o)
 .text.cgi_io_loop_and_exit
                0x000000000002b10c      0x1a4 networking/lib.a(httpd.o)
 .text.setenv1  0x000000000002b2b0       0x14 networking/lib.a(httpd.o)
 .text.send_file_and_exit
                0x000000000002b2c4      0x26c networking/lib.a(httpd.o)
 .text.send_headers
                0x000000000002b530      0x264 networking/lib.a(httpd.o)
 .text.send_headers_and_exit
                0x000000000002b794       0x18 networking/lib.a(httpd.o)
 .text.send_cgi_and_exit
                0x000000000002b7ac      0x2b0 networking/lib.a(httpd.o)
 .text.handle_incoming_and_exit
                0x000000000002ba5c      0x74c networking/lib.a(httpd.o)
 .text.httpd_main
                0x000000000002c1a8      0x240 networking/lib.a(httpd.o)
                0x000000000002c1a8                httpd_main
 .text.ifconfig_main
                0x000000000002c3e8      0x360 networking/lib.a(ifconfig.o)
                0x000000000002c3e8                ifconfig_main
 .text.set_if_down
                0x000000000002c748       0x30 networking/lib.a(ifenslave.o)
 .text.get_drv_info
                0x000000000002c778       0x84 networking/lib.a(ifenslave.o)
 .text.enslave  0x000000000002c7fc      0x1ec networking/lib.a(ifenslave.o)
 .text.ifenslave_main
                0x000000000002c9e8      0x210 networking/lib.a(ifenslave.o)
                0x000000000002c9e8                ifenslave_main
 .text.set_ifreq_to_ifname
                0x000000000002cbf8       0x20 networking/lib.a(ifplugd.o)
 .text.network_ioctl
                0x000000000002cc18       0x24 networking/lib.a(ifplugd.o)
 .text.detect_link_iff
                0x000000000002cc3c       0x44 networking/lib.a(ifplugd.o)
 .text.detect_link_wlan
                0x000000000002cc80       0x70 networking/lib.a(ifplugd.o)
 .text.detect_link_priv
                0x000000000002ccf0       0x4c networking/lib.a(ifplugd.o)
 .text.detect_link_mii
                0x000000000002cd3c       0x4c networking/lib.a(ifplugd.o)
 .text.detect_link_ethtool
                0x000000000002cd88       0x3c networking/lib.a(ifplugd.o)
 .text.check_existence_through_netlink
                0x000000000002cdc4      0x100 networking/lib.a(ifplugd.o)
 .text.up_iface
                0x000000000002cec4       0x78 networking/lib.a(ifplugd.o)
 .text.maybe_up_new_iface
                0x000000000002cf3c       0x28 networking/lib.a(ifplugd.o)
 .text.detect_link
                0x000000000002cf64       0xdc networking/lib.a(ifplugd.o)
 .text.run_script
                0x000000000002d040       0xbc networking/lib.a(ifplugd.o)
 .text.ifplugd_main
                0x000000000002d0fc      0x39c networking/lib.a(ifplugd.o)
                0x000000000002d0fc                ifplugd_main
 .text.doit     0x000000000002d498       0x74 networking/lib.a(ifupdown.o)
 .text.execute_all
                0x000000000002d50c       0x44 networking/lib.a(ifupdown.o)
 .text.set_environ
                0x000000000002d550       0xe8 networking/lib.a(ifupdown.o)
 .text.iface_down
                0x000000000002d638       0x6c networking/lib.a(ifupdown.o)
 .text.iface_up
                0x000000000002d6a4       0x6c networking/lib.a(ifupdown.o)
 .text.next_word
                0x000000000002d710       0x38 networking/lib.a(ifupdown.o)
 .text.get_var  0x000000000002d748       0x60 networking/lib.a(ifupdown.o)
 .text.execute  0x000000000002d7a8      0x184 networking/lib.a(ifupdown.o)
 .text.loopback_down6
                0x000000000002d92c       0x10 networking/lib.a(ifupdown.o)
 .text.loopback_up6
                0x000000000002d93c       0x30 networking/lib.a(ifupdown.o)
 .text.static_up6
                0x000000000002d96c       0x40 networking/lib.a(ifupdown.o)
 .text.v4tunnel_down
                0x000000000002d9ac       0x10 networking/lib.a(ifupdown.o)
 .text.v4tunnel_up
                0x000000000002d9bc       0x50 networking/lib.a(ifupdown.o)
 .text.loopback_down
                0x000000000002da0c       0x30 networking/lib.a(ifupdown.o)
 .text.loopback_up
                0x000000000002da3c       0x30 networking/lib.a(ifupdown.o)
 .text.dhcp_up  0x000000000002da6c       0x2c networking/lib.a(ifupdown.o)
 .text.bootp_up
                0x000000000002da98       0x10 networking/lib.a(ifupdown.o)
 .text.static_up
                0x000000000002daa8       0x40 networking/lib.a(ifupdown.o)
 .text.ppp_down
                0x000000000002dae8       0x10 networking/lib.a(ifupdown.o)
 .text.ppp_up   0x000000000002daf8       0x10 networking/lib.a(ifupdown.o)
 .text.wvdial_down
                0x000000000002db08       0x10 networking/lib.a(ifupdown.o)
 .text.wvdial_up
                0x000000000002db18       0x10 networking/lib.a(ifupdown.o)
 .text.static_down6
                0x000000000002db28       0x24 networking/lib.a(ifupdown.o)
 .text.static_down
                0x000000000002db4c       0x3c networking/lib.a(ifupdown.o)
 .text.dhcp_down
                0x000000000002db88       0x34 networking/lib.a(ifupdown.o)
 .text.popen2   0x000000000002dbbc       0x7c networking/lib.a(ifupdown.o)
 .text.read_iface_state
                0x000000000002dc38       0x40 networking/lib.a(ifupdown.o)
 .text.read_interfaces
                0x000000000002dc78      0x374 networking/lib.a(ifupdown.o)
 .text.ifupdown_main
                0x000000000002dfec      0x38c networking/lib.a(ifupdown.o)
                0x000000000002dfec                ifupdown_main
 .text.remove_fd_from_set
                0x000000000002e378       0x3c networking/lib.a(inetd.o)
 .text.init_ring
                0x000000000002e3b4       0x20 networking/lib.a(inetd.o)
 .text.discard_dg
                0x000000000002e3d4       0x10 networking/lib.a(inetd.o)
 .text.bump_nofile
                0x000000000002e3e4       0x88 networking/lib.a(inetd.o)
 .text.add_fd_to_set
                0x000000000002e46c       0x50 networking/lib.a(inetd.o)
 .text.clean_up_and_exit
                0x000000000002e4bc       0x40 networking/lib.a(inetd.o)
 .text.reap_child
                0x000000000002e4fc       0x70 networking/lib.a(inetd.o)
 .text.daytime_dg
                0x000000000002e56c       0x78 networking/lib.a(inetd.o)
 .text.daytime_stream
                0x000000000002e5e4       0x24 networking/lib.a(inetd.o)
 .text.machtime_dg
                0x000000000002e608       0x68 networking/lib.a(inetd.o)
 .text.chargen_dg
                0x000000000002e670       0xc0 networking/lib.a(inetd.o)
 .text.chargen_stream
                0x000000000002e730       0x68 networking/lib.a(inetd.o)
 .text.discard_stream
                0x000000000002e798       0x1c networking/lib.a(inetd.o)
 .text.echo_stream
                0x000000000002e7b4       0x24 networking/lib.a(inetd.o)
 .text.rearm_alarm
                0x000000000002e7d8       0x24 networking/lib.a(inetd.o)
 .text.prepare_socket_fd
                0x000000000002e7fc       0x84 networking/lib.a(inetd.o)
 .text.retry_network_setup
                0x000000000002e880       0x3c networking/lib.a(inetd.o)
 .text.machtime_stream
                0x000000000002e8bc       0x28 networking/lib.a(inetd.o)
 .text.parse_one_line
                0x000000000002e8e4      0x300 networking/lib.a(inetd.o)
 .text.reread_config_file
                0x000000000002ebe4      0x280 networking/lib.a(inetd.o)
 .text.inetd_main
                0x000000000002ee64      0x5f0 networking/lib.a(inetd.o)
                0x000000000002ee64                inetd_main
 .text.UNSPEC_print
                0x000000000002f454       0x38 networking/lib.a(interface.o)
 .text.UNSPEC_sprint
                0x000000000002f48c       0x1c networking/lib.a(interface.o)
 .text.INET6_sprint
                0x000000000002f4a8       0x24 networking/lib.a(interface.o)
 .text.INET_sprint
                0x000000000002f4cc       0x28 networking/lib.a(interface.o)
 .text.ether_print
                0x000000000002f4f4       0x28 networking/lib.a(interface.o)
 .text.if_readlist_proc
                0x000000000002f51c      0x178 networking/lib.a(interface.o)
 .text.do_if_fetch
                0x000000000002f694      0x1d0 networking/lib.a(interface.o)
 .text.print_bytes_scaled
                0x000000000002f864       0x68 networking/lib.a(interface.o)
 .text.get_aftype
                0x000000000002f8cc       0x20 networking/lib.a(interface.o)
                0x000000000002f8cc                get_aftype
 .text.get_hwtype
                0x000000000002f8ec       0x20 networking/lib.a(interface.o)
                0x000000000002f8ec                get_hwtype
 .text.get_hwntype
                0x000000000002f90c       0x18 networking/lib.a(interface.o)
                0x000000000002f90c                get_hwntype
 .text.ife_print
                0x000000000002f924      0x410 networking/lib.a(interface.o)
 .text.display_interfaces
                0x000000000002fd34       0xbc networking/lib.a(interface.o)
                0x000000000002fd34                display_interfaces
 .text.ipaddr_main
                0x000000000002fdf0        0xc networking/lib.a(ip.o)
                0x000000000002fdf0                ipaddr_main
 .text.iplink_main
                0x000000000002fdfc        0xc networking/lib.a(ip.o)
                0x000000000002fdfc                iplink_main
 .text.iproute_main
                0x000000000002fe08        0xc networking/lib.a(ip.o)
                0x000000000002fe08                iproute_main
 .text.iprule_main
                0x000000000002fe14        0xc networking/lib.a(ip.o)
                0x000000000002fe14                iprule_main
 .text.iptunnel_main
                0x000000000002fe20        0xc networking/lib.a(ip.o)
                0x000000000002fe20                iptunnel_main
 .text.ipneigh_main
                0x000000000002fe2c        0xc networking/lib.a(ip.o)
                0x000000000002fe2c                ipneigh_main
 .text.ip_main  0x000000000002fe38       0x34 networking/lib.a(ip.o)
                0x000000000002fe38                ip_main
 .text.ipcalc_main
                0x000000000002fe6c      0x198 networking/lib.a(ipcalc.o)
                0x000000000002fe6c                ipcalc_main
 .text.do_rd    0x0000000000030004       0x80 networking/lib.a(isrv_identd.o)
 .text.fakeidentd_main
                0x0000000000030084       0xd8 networking/lib.a(isrv_identd.o)
                0x0000000000030084                fakeidentd_main
 .text.prepend_new_eth_table
                0x000000000003015c      0x100 networking/lib.a(nameif.o)
 .text.nameif_main
                0x000000000003025c      0x1c8 networking/lib.a(nameif.o)
                0x000000000003025c                nameif_main
 .text.nbdclient_main
                0x0000000000030424      0x170 networking/lib.a(nbd-client.o)
                0x0000000000030424                nbdclient_main
 .text.catch    0x0000000000030594       0x48 networking/lib.a(nc.o)
 .text.arm      0x00000000000305dc       0x1c networking/lib.a(nc.o)
 .text.tmtravel
                0x00000000000305f8       0x18 networking/lib.a(nc.o)
 .text.connect_w_timeout
                0x0000000000030610       0x4c networking/lib.a(nc.o)
 .text.doexec   0x000000000003065c       0x28 networking/lib.a(nc.o)
 .text.dolisten
                0x0000000000030684      0x290 networking/lib.a(nc.o)
 .text.oprint   0x0000000000030914       0xcc networking/lib.a(nc.o)
 .text.readwrite
                0x00000000000309e0      0x218 networking/lib.a(nc.o)
 .text.nc_main  0x0000000000030bf8      0x334 networking/lib.a(nc.o)
                0x0000000000030bf8                nc_main
 .text.unix_do_one
                0x0000000000030f2c      0x1b4 networking/lib.a(netstat.o)
 .text.build_ipv6_addr
                0x00000000000310e0       0x3c networking/lib.a(netstat.o)
 .text.ip_port_str
                0x000000000003111c       0x68 networking/lib.a(netstat.o)
 .text.dir_act  0x0000000000031184       0x90 networking/lib.a(netstat.o)
 .text.add_to_prg_cache_if_socket
                0x0000000000031214       0xb4 networking/lib.a(netstat.o)
 .text.do_info  0x00000000000312c8       0x50 networking/lib.a(netstat.o)
 .text.scan_inet_proc_line
                0x0000000000031318       0x8c networking/lib.a(netstat.o)
 .text.print_inet_line
                0x00000000000313a4       0xd0 networking/lib.a(netstat.o)
 .text.raw_do_one
                0x0000000000031474       0x60 networking/lib.a(netstat.o)
 .text.udp_do_one
                0x00000000000314d4       0x80 networking/lib.a(netstat.o)
 .text.tcp_do_one
                0x0000000000031554       0x40 networking/lib.a(netstat.o)
 .text.netstat_main
                0x0000000000031594      0x1e4 networking/lib.a(netstat.o)
                0x0000000000031594                netstat_main
 .text.add_query
                0x0000000000031778       0x54 networking/lib.a(nslookup.o)
 .text.add_ns   0x00000000000317cc       0x30 networking/lib.a(nslookup.o)
 .text.send_queries
                0x00000000000317fc      0x4a0 networking/lib.a(nslookup.o)
 .text.nslookup_main
                0x0000000000031c9c      0x2c0 networking/lib.a(nslookup.o)
                0x0000000000031c9c                nslookup_main
 .text.my_SQRT  0x0000000000031f5c       0x38 networking/lib.a(ntpd.o)
 .text.reset_peer_stats
                0x0000000000031f94       0x88 networking/lib.a(ntpd.o)
 .text.clamp_pollexp_and_set_MAXSTRAT
                0x000000000003201c       0x30 networking/lib.a(ntpd.o)
 .text.adjust_poll
                0x000000000003204c       0x7c networking/lib.a(ntpd.o)
 .text.poll_interval
                0x00000000000320c8       0x2c networking/lib.a(ntpd.o)
 .text.resolve_peer_hostname
                0x00000000000320f4       0x68 networking/lib.a(ntpd.o)
 .text.add_peers
                0x000000000003215c       0xa0 networking/lib.a(ntpd.o)
 .text.run_script
                0x00000000000321fc       0xe0 networking/lib.a(ntpd.o)
 .text.set_next.isra.0
                0x00000000000322dc       0x20 networking/lib.a(ntpd.o)
 .text.unpack_tail
                0x00000000000322fc       0xd4 networking/lib.a(ping.o)
 .text.print_stats_and_exit
                0x00000000000323d0       0xc0 networking/lib.a(ping.o)
 .text.sendping_tail.constprop.1
                0x0000000000032490       0xa0 networking/lib.a(ping.o)
 .text.sendping4
                0x0000000000032530       0x54 networking/lib.a(ping.o)
 .text.sendping6
                0x0000000000032584       0x44 networking/lib.a(ping.o)
 .text.common_ping_main
                0x00000000000325c8      0x554 networking/lib.a(ping.o)
 .text.pscan_main
                0x0000000000032b1c      0x1d0 networking/lib.a(pscan.o)
                0x0000000000032b1c                pscan_main
 .text.set_flags
                0x0000000000032cec       0x28 networking/lib.a(route.o)
 .text.INET6_displayroutes
                0x0000000000032d14      0x15c networking/lib.a(route.o)
 .text.INET6_setroute
                0x0000000000032e70      0x180 networking/lib.a(route.o)
 .text.INET_setroute
                0x0000000000032ff0      0x288 networking/lib.a(route.o)
 .text.bb_displayroutes
                0x0000000000033278      0x140 networking/lib.a(route.o)
                0x0000000000033278                bb_displayroutes
 .text.route_main
                0x00000000000333b8       0xd0 networking/lib.a(route.o)
                0x00000000000333b8                route_main
 .text.tcsetattr_serial_or_warn
                0x0000000000033488       0x1c networking/lib.a(slattach.o)
 .text.restore_state_and_exit
                0x00000000000334a4       0x74 networking/lib.a(slattach.o)
 .text.slattach_main
                0x0000000000033518      0x1f4 networking/lib.a(slattach.o)
                0x0000000000033518                slattach_main
 .text.ssl_client_main
                0x000000000003370c       0x68 networking/lib.a(ssl_client.o)
                0x000000000003370c                ssl_client_main
 .text.print_tc_classid
                0x0000000000033774       0x34 networking/lib.a(tc.o)
 .text.print_qdisc
                0x00000000000337a8      0x170 networking/lib.a(tc.o)
 .text.print_class
                0x0000000000033918      0x10c networking/lib.a(tc.o)
 .text.tc_main  0x0000000000033a24      0x2c8 networking/lib.a(tc.o)
                0x0000000000033a24                tc_main
 .text.connection_status
                0x0000000000033cec       0x1c networking/lib.a(tcpudp.o)
 .text.sig_term_handler
                0x0000000000033d08       0x20 networking/lib.a(tcpudp.o)
 .text.sig_child_handler
                0x0000000000033d28       0x78 networking/lib.a(tcpudp.o)
 .text.xsetenv_proto
                0x0000000000033da0       0x28 networking/lib.a(tcpudp.o)
 .text.xsetenv_plain
                0x0000000000033dc8       0x28 networking/lib.a(tcpudp.o)
 .text.tcpudpsvd_main